Archive member included to satisfy reference by file (symbol)

c:/ac6/systemworkbench/plugins/fr.ac6.mcu.externaltools.arm-none.win32_1.15.0.201708311556/tools/compiler/bin/../lib/gcc/arm-none-eabi/6.3.1/../../../../arm-none-eabi/lib/thumb/v7e-m/fpv4-sp/hard\libc_nano.a(lib_a-errno.o)
                              Core/Src/syscalls.o (__errno)
c:/ac6/systemworkbench/plugins/fr.ac6.mcu.externaltools.arm-none.win32_1.15.0.201708311556/tools/compiler/bin/../lib/gcc/arm-none-eabi/6.3.1/../../../../arm-none-eabi/lib/thumb/v7e-m/fpv4-sp/hard\libc_nano.a(lib_a-exit.o)
                              c:/ac6/systemworkbench/plugins/fr.ac6.mcu.externaltools.arm-none.win32_1.15.0.201708311556/tools/compiler/bin/../lib/gcc/arm-none-eabi/6.3.1/../../../../arm-none-eabi/lib/thumb/v7e-m/fpv4-sp/hard/crt0.o (exit)
c:/ac6/systemworkbench/plugins/fr.ac6.mcu.externaltools.arm-none.win32_1.15.0.201708311556/tools/compiler/bin/../lib/gcc/arm-none-eabi/6.3.1/../../../../arm-none-eabi/lib/thumb/v7e-m/fpv4-sp/hard\libc_nano.a(lib_a-impure.o)
                              c:/ac6/systemworkbench/plugins/fr.ac6.mcu.externaltools.arm-none.win32_1.15.0.201708311556/tools/compiler/bin/../lib/gcc/arm-none-eabi/6.3.1/../../../../arm-none-eabi/lib/thumb/v7e-m/fpv4-sp/hard\libc_nano.a(lib_a-exit.o) (_global_impure_ptr)
c:/ac6/systemworkbench/plugins/fr.ac6.mcu.externaltools.arm-none.win32_1.15.0.201708311556/tools/compiler/bin/../lib/gcc/arm-none-eabi/6.3.1/../../../../arm-none-eabi/lib/thumb/v7e-m/fpv4-sp/hard\libc_nano.a(lib_a-init.o)
                              c:/ac6/systemworkbench/plugins/fr.ac6.mcu.externaltools.arm-none.win32_1.15.0.201708311556/tools/compiler/bin/../lib/gcc/arm-none-eabi/6.3.1/../../../../arm-none-eabi/lib/thumb/v7e-m/fpv4-sp/hard/crt0.o (__libc_init_array)
c:/ac6/systemworkbench/plugins/fr.ac6.mcu.externaltools.arm-none.win32_1.15.0.201708311556/tools/compiler/bin/../lib/gcc/arm-none-eabi/6.3.1/../../../../arm-none-eabi/lib/thumb/v7e-m/fpv4-sp/hard\libc_nano.a(lib_a-memset.o)
                              c:/ac6/systemworkbench/plugins/fr.ac6.mcu.externaltools.arm-none.win32_1.15.0.201708311556/tools/compiler/bin/../lib/gcc/arm-none-eabi/6.3.1/../../../../arm-none-eabi/lib/thumb/v7e-m/fpv4-sp/hard/crt0.o (memset)
c:/ac6/systemworkbench/plugins/fr.ac6.mcu.externaltools.arm-none.win32_1.15.0.201708311556/tools/compiler/bin/../lib/gcc/arm-none-eabi/6.3.1/../../../../arm-none-eabi/lib/thumb/v7e-m/fpv4-sp/hard\libc_nano.a(lib_a-nano-vfprintf_float.o)
                              (_printf_float)
c:/ac6/systemworkbench/plugins/fr.ac6.mcu.externaltools.arm-none.win32_1.15.0.201708311556/tools/compiler/bin/../lib/gcc/arm-none-eabi/6.3.1/../../../../arm-none-eabi/lib/thumb/v7e-m/fpv4-sp/hard\libc_nano.a(lib_a-nano-vfprintf_i.o)
                              c:/ac6/systemworkbench/plugins/fr.ac6.mcu.externaltools.arm-none.win32_1.15.0.201708311556/tools/compiler/bin/../lib/gcc/arm-none-eabi/6.3.1/../../../../arm-none-eabi/lib/thumb/v7e-m/fpv4-sp/hard\libc_nano.a(lib_a-nano-vfprintf_float.o) (_printf_common)
c:/ac6/systemworkbench/plugins/fr.ac6.mcu.externaltools.arm-none.win32_1.15.0.201708311556/tools/compiler/bin/../lib/gcc/arm-none-eabi/6.3.1/../../../../arm-none-eabi/lib/thumb/v7e-m/fpv4-sp/hard\libc_nano.a(lib_a-printf.o)
                              Core/Src/main.o (printf)
c:/ac6/systemworkbench/plugins/fr.ac6.mcu.externaltools.arm-none.win32_1.15.0.201708311556/tools/compiler/bin/../lib/gcc/arm-none-eabi/6.3.1/../../../../arm-none-eabi/lib/thumb/v7e-m/fpv4-sp/hard\libc_nano.a(lib_a-strlen.o)
                              c:/ac6/systemworkbench/plugins/fr.ac6.mcu.externaltools.arm-none.win32_1.15.0.201708311556/tools/compiler/bin/../lib/gcc/arm-none-eabi/6.3.1/../../../../arm-none-eabi/lib/thumb/v7e-m/fpv4-sp/hard\libc_nano.a(lib_a-nano-vfprintf_float.o) (strlen)
c:/ac6/systemworkbench/plugins/fr.ac6.mcu.externaltools.arm-none.win32_1.15.0.201708311556/tools/compiler/bin/../lib/gcc/arm-none-eabi/6.3.1/../../../../arm-none-eabi/lib/thumb/v7e-m/fpv4-sp/hard\libc_nano.a(lib_a-dtoa.o)
                              c:/ac6/systemworkbench/plugins/fr.ac6.mcu.externaltools.arm-none.win32_1.15.0.201708311556/tools/compiler/bin/../lib/gcc/arm-none-eabi/6.3.1/../../../../arm-none-eabi/lib/thumb/v7e-m/fpv4-sp/hard\libc_nano.a(lib_a-nano-vfprintf_float.o) (_dtoa_r)
c:/ac6/systemworkbench/plugins/fr.ac6.mcu.externaltools.arm-none.win32_1.15.0.201708311556/tools/compiler/bin/../lib/gcc/arm-none-eabi/6.3.1/../../../../arm-none-eabi/lib/thumb/v7e-m/fpv4-sp/hard\libc_nano.a(lib_a-findfp.o)
                              c:/ac6/systemworkbench/plugins/fr.ac6.mcu.externaltools.arm-none.win32_1.15.0.201708311556/tools/compiler/bin/../lib/gcc/arm-none-eabi/6.3.1/../../../../arm-none-eabi/lib/thumb/v7e-m/fpv4-sp/hard\libc_nano.a(lib_a-printf.o) (__sinit)
[...]
Memory Configuration

Name             Origin             Length             Attributes
RAM              0x20000000         0x00003000         xrw
CCMRAM           0x10000000         0x00001000         rw
FLASH            0x08000000         0x00010000         xr
*default*        0x00000000         0xffffffff

Linker script and memory map

LOAD c:/ac6/systemworkbench/plugins/fr.ac6.mcu.externaltools.arm-none.win32_1.15.0.201708311556/tools/compiler/bin/../lib/gcc/arm-none-eabi/6.3.1/thumb/v7e-m/fpv4-sp/hard/crti.o
LOAD c:/ac6/systemworkbench/plugins/fr.ac6.mcu.externaltools.arm-none.win32_1.15.0.201708311556/tools/compiler/bin/../lib/gcc/arm-none-eabi/6.3.1/thumb/v7e-m/fpv4-sp/hard/crtbegin.o
LOAD c:/ac6/systemworkbench/plugins/fr.ac6.mcu.externaltools.arm-none.win32_1.15.0.201708311556/tools/compiler/bin/../lib/gcc/arm-none-eabi/6.3.1/../../../../arm-none-eabi/lib/thumb/v7e-m/fpv4-sp/hard/crt0.o
LOAD Core/Src/dma.o
LOAD Core/Src/gpio.o
LOAD Core/Src/main.o
LOAD Core/Src/stm32f3xx_hal_msp.o
LOAD Core/Src/stm32f3xx_it.o
LOAD Core/Src/syscalls.o
LOAD Core/Src/system_stm32f3xx.o
LOAD Core/Src/tim.o
LOAD Drivers/STM32F3xx_HAL_Driver/Src/stm32f3xx_hal.o
LOAD Drivers/STM32F3xx_HAL_Driver/Src/stm32f3xx_hal_cortex.o
LOAD Drivers/STM32F3xx_HAL_Driver/Src/stm32f3xx_hal_dma.o
LOAD Drivers/STM32F3xx_HAL_Driver/Src/stm32f3xx_hal_flash.o
LOAD Drivers/STM32F3xx_HAL_Driver/Src/stm32f3xx_hal_flash_ex.o
LOAD Drivers/STM32F3xx_HAL_Driver/Src/stm32f3xx_hal_gpio.o
LOAD Drivers/STM32F3xx_HAL_Driver/Src/stm32f3xx_hal_i2c.o
LOAD Drivers/STM32F3xx_HAL_Driver/Src/stm32f3xx_hal_i2c_ex.o
LOAD Drivers/STM32F3xx_HAL_Driver/Src/stm32f3xx_hal_pwr.o
LOAD Drivers/STM32F3xx_HAL_Driver/Src/stm32f3xx_hal_pwr_ex.o
LOAD Drivers/STM32F3xx_HAL_Driver/Src/stm32f3xx_hal_rcc.o
LOAD Drivers/STM32F3xx_HAL_Driver/Src/stm32f3xx_hal_rcc_ex.o
LOAD Drivers/STM32F3xx_HAL_Driver/Src/stm32f3xx_hal_tim.o
LOAD Drivers/STM32F3xx_HAL_Driver/Src/stm32f3xx_hal_tim_ex.o
LOAD Drivers/STM32F3xx_HAL_Driver/Src/stm32f3xx_hal_uart.o
LOAD Drivers/STM32F3xx_HAL_Driver/Src/stm32f3xx_hal_uart_ex.o
LOAD Drivers/UserDrivers/Src/usart.o
LOAD startup/startup_stm32f334x8.o
LOAD c:/ac6/systemworkbench/plugins/fr.ac6.mcu.externaltools.arm-none.win32_1.15.0.201708311556/tools/compiler/bin/../lib/gcc/arm-none-eabi/6.3.1/../../../../arm-none-eabi/lib/thumb/v7e-m/fpv4-sp/hard\libm.a
START GROUP
LOAD c:/ac6/systemworkbench/plugins/fr.ac6.mcu.externaltools.arm-none.win32_1.15.0.201708311556/tools/compiler/bin/../lib/gcc/arm-none-eabi/6.3.1/thumb/v7e-m/fpv4-sp/hard\libgcc.a
LOAD c:/ac6/systemworkbench/plugins/fr.ac6.mcu.externaltools.arm-none.win32_1.15.0.201708311556/tools/compiler/bin/../lib/gcc/arm-none-eabi/6.3.1/../../../../arm-none-eabi/lib/thumb/v7e-m/fpv4-sp/hard\libc_nano.a
END GROUP
START GROUP
LOAD c:/ac6/systemworkbench/plugins/fr.ac6.mcu.externaltools.arm-none.win32_1.15.0.201708311556/tools/compiler/bin/../lib/gcc/arm-none-eabi/6.3.1/thumb/v7e-m/fpv4-sp/hard\libgcc.a
LOAD c:/ac6/systemworkbench/plugins/fr.ac6.mcu.externaltools.arm-none.win32_1.15.0.201708311556/tools/compiler/bin/../lib/gcc/arm-none-eabi/6.3.1/../../../../arm-none-eabi/lib/thumb/v7e-m/fpv4-sp/hard\libc_nano.a
LOAD c:/ac6/systemworkbench/plugins/fr.ac6.mcu.externaltools.arm-none.win32_1.15.0.201708311556/tools/compiler/bin/../lib/gcc/arm-none-eabi/6.3.1/../../../../arm-none-eabi/lib/thumb/v7e-m/fpv4-sp/hard\libnosys.a
END GROUP
START GROUP
LOAD c:/ac6/systemworkbench/plugins/fr.ac6.mcu.externaltools.arm-none.win32_1.15.0.201708311556/tools/compiler/bin/../lib/gcc/arm-none-eabi/6.3.1/thumb/v7e-m/fpv4-sp/hard\libgcc.a
LOAD c:/ac6/systemworkbench/plugins/fr.ac6.mcu.externaltools.arm-none.win32_1.15.0.201708311556/tools/compiler/bin/../lib/gcc/arm-none-eabi/6.3.1/../../../../arm-none-eabi/lib/thumb/v7e-m/fpv4-sp/hard\libc_nano.a
LOAD c:/ac6/systemworkbench/plugins/fr.ac6.mcu.externaltools.arm-none.win32_1.15.0.201708311556/tools/compiler/bin/../lib/gcc/arm-none-eabi/6.3.1/../../../../arm-none-eabi/lib/thumb/v7e-m/fpv4-sp/hard\libnosys.a
END GROUP
LOAD c:/ac6/systemworkbench/plugins/fr.ac6.mcu.externaltools.arm-none.win32_1.15.0.201708311556/tools/compiler/bin/../lib/gcc/arm-none-eabi/6.3.1/thumb/v7e-m/fpv4-sp/hard/crtend.o
LOAD c:/ac6/systemworkbench/plugins/fr.ac6.mcu.externaltools.arm-none.win32_1.15.0.201708311556/tools/compiler/bin/../lib/gcc/arm-none-eabi/6.3.1/thumb/v7e-m/fpv4-sp/hard/crtn.o
                0x20003000                _estack = 0x20003000
                0x00000200                _Min_Heap_Size = 0x200
                0x00000400                _Min_Stack_Size = 0x400

.isr_vector     0x08000000      0x188
                0x08000000                . = ALIGN (0x4)
 *(.isr_vector)
 .isr_vector    0x08000000      0x188 startup/startup_stm32f334x8.o
                0x08000000                g_pfnVectors
                0x08000188                . = ALIGN (0x4)

.text           0x08000190     0x6bd8
                0x08000190                . = ALIGN (0x4)
 *(.text)
 .text          0x08000190       0x6c c:/ac6/systemworkbench/plugins/fr.ac6.mcu.externaltools.arm-none.win32_1.15.0.201708311556/tools/compiler/bin/../lib/gcc/arm-none-eabi/6.3.1/thumb/v7e-m/fpv4-sp/hard/crtbegin.o
 .text          0x080001fc       0x10 c:/ac6/systemworkbench/plugins/fr.ac6.mcu.externaltools.arm-none.win32_1.15.0.201708311556/tools/compiler/bin/../lib/gcc/arm-none-eabi/6.3.1/../../../../arm-none-eabi/lib/thumb/v7e-m/fpv4-sp/hard\libc_nano.a(lib_a-strlen.o)
                0x080001fc                strlen
 *fill*         0x0800020c        0x4 
 .text          0x08000210       0xa0 c:/ac6/systemworkbench/plugins/fr.ac6.mcu.externaltools.arm-none.win32_1.15.0.201708311556/tools/compiler/bin/../lib/gcc/arm-none-eabi/6.3.1/../../../../arm-none-eabi/lib/thumb/v7e-m/fpv4-sp/hard\libc_nano.a(lib_a-memchr.o)
                0x08000210                memchr
 .text          0x080002b0      0x370 c:/ac6/systemworkbench/plugins/fr.ac6.mcu.externaltools.arm-none.win32_1.15.0.201708311556/tools/compiler/bin/../lib/gcc/arm-none-eabi/6.3.1/thumb/v7e-m/fpv4-sp/hard\libgcc.a(_arm_addsubdf3.o)
                0x080002b0                __aeabi_drsub
                0x080002b8                __aeabi_dsub
                0x080002b8                __subdf3
                0x080002bc                __aeabi_dadd
                0x080002bc                __adddf3
                0x08000534                __floatunsidf
                0x08000534                __aeabi_ui2d
                0x08000554                __floatsidf
                0x08000554                __aeabi_i2d
                0x08000578                __aeabi_f2d
                0x08000578                __extendsfdf2
                0x080005b4                __floatundidf
                0x080005b4                __aeabi_ul2d
                0x080005c4                __floatdidf
                0x080005c4                __aeabi_l2d
 .text          0x08000620      0x424 c:/ac6/systemworkbench/plugins/fr.ac6.mcu.externaltools.arm-none.win32_1.15.0.201708311556/tools/compiler/bin/../lib/gcc/arm-none-eabi/6.3.1/thumb/v7e-m/fpv4-sp/hard\libgcc.a(_arm_muldivdf3.o)
                0x08000620                __aeabi_dmul
                0x08000620                __muldf3
                0x08000874                __divdf3
                0x08000874                __aeabi_ddiv
 .text          0x08000a44      0x110 c:/ac6/systemworkbench/plugins/fr.ac6.mcu.externaltools.arm-none.win32_1.15.0.201708311556/tools/compiler/bin/../lib/gcc/arm-none-eabi/6.3.1/thumb/v7e-m/fpv4-sp/hard\libgcc.a(_arm_cmpdf2.o)
                0x08000a44                __gtdf2
                0x08000a44                __gedf2
                0x08000a4c                __ltdf2
                0x08000a4c                __ledf2
                0x08000a54                __nedf2
                0x08000a54                __eqdf2
                0x08000a54                __cmpdf2
                0x08000ad0                __aeabi_cdrcmple
                0x08000ae0                __aeabi_cdcmpeq
                0x08000ae0                __aeabi_cdcmple
                0x08000af0                __aeabi_dcmpeq
                0x08000b04                __aeabi_dcmplt
                0x08000b18                __aeabi_dcmple
                0x08000b2c                __aeabi_dcmpge
                0x08000b40                __aeabi_dcmpgt
 .text          0x08000b54       0x2c c:/ac6/systemworkbench/plugins/fr.ac6.mcu.externaltools.arm-none.win32_1.15.0.201708311556/tools/compiler/bin/../lib/gcc/arm-none-eabi/6.3.1/thumb/v7e-m/fpv4-sp/hard\libgcc.a(_arm_unorddf2.o)
                0x08000b54                __unorddf2
                0x08000b54                __aeabi_dcmpun
 .text          0x08000b80       0x50 c:/ac6/systemworkbench/plugins/fr.ac6.mcu.externaltools.arm-none.win32_1.15.0.201708311556/tools/compiler/bin/../lib/gcc/arm-none-eabi/6.3.1/thumb/v7e-m/fpv4-sp/hard\libgcc.a(_arm_fixdfsi.o)
                0x08000b80                __aeabi_d2iz
                0x08000b80                __fixdfsi
 *(.text*)
 .text.MX_DMA_Init
                0x08000bd0       0x54 Core/Src/dma.o
                0x08000bd0                MX_DMA_Init
 .text.MX_GPIO_Init
                0x08000c24      0x118 Core/Src/gpio.o
                0x08000c24                MX_GPIO_Init
 .text.getTaskState
                0x08000d3c        0x4 Core/Src/main.o
                0x08000d3c                getTaskState
 .text.setTaskState
                0x08000d40        0x4 Core/Src/main.o
                0x08000d40                setTaskState
 .text.comm_task
                0x08000d44       0x9c Core/Src/main.o
                0x08000d44                comm_task
 .text.parse_task
                0x08000de0      0x124 Core/Src/main.o
                0x08000de0                parse_task
 .text.SystemClock_Config
                0x08000f04       0x70 Core/Src/main.o
                0x08000f04                SystemClock_Config
 .text.startup.main
                0x08000f74       0xc4 Core/Src/main.o
                0x08000f74                main
 .text.HAL_SYSTICK_Callback
                0x08001038       0x6c Core/Src/main.o
                0x08001038                HAL_SYSTICK_Callback
 .text.HAL_TIM_IC_CaptureCallback
                0x080010a4       0x38 Core/Src/main.o
                0x080010a4                HAL_TIM_IC_CaptureCallback
 .text._Error_Handler
                0x080010dc        0x4 Core/Src/main.o
                0x080010dc                _Error_Handler
 .text.assert_failed
                0x080010e0        0x4 Core/Src/main.o
                0x080010e0                assert_failed
 .text.HAL_MspInit
                0x080010e4       0x7c Core/Src/stm32f3xx_hal_msp.o
                0x080010e4                HAL_MspInit
 .text.SysTick_Handler
                0x08001160       0x10 Core/Src/stm32f3xx_it.o
                0x08001160                SysTick_Handler
 .text.DMA1_Channel5_IRQHandler
                0x08001170        0xc Core/Src/stm32f3xx_it.o
                0x08001170                DMA1_Channel5_IRQHandler
 .text.DMA1_Channel6_IRQHandler
                0x0800117c        0xc Core/Src/stm32f3xx_it.o
                0x0800117c                DMA1_Channel6_IRQHandler
 .text.DMA1_Channel7_IRQHandler
                0x08001188        0xc Core/Src/stm32f3xx_it.o
                0x08001188                DMA1_Channel7_IRQHandler
 .text.TIM2_IRQHandler
                0x08001194        0xc Core/Src/stm32f3xx_it.o
                0x08001194                TIM2_IRQHandler
 .text.USART2_IRQHandler
                0x080011a0       0x24 Core/Src/stm32f3xx_it.o
                0x080011a0                USART2_IRQHandler
 .text._read    0x080011c4       0x1c Core/Src/syscalls.o
                0x080011c4                _read
 .text._write   0x080011e0       0x1c Core/Src/syscalls.o
                0x080011e0                _write
 .text._sbrk    0x080011fc       0x34 Core/Src/syscalls.o
                0x080011fc                _sbrk
 .text._close   0x08001230        0x8 Core/Src/syscalls.o
                0x08001230                _close
 .text._fstat   0x08001238        0xc Core/Src/syscalls.o
                0x08001238                _fstat
 .text._isatty  0x08001244        0x4 Core/Src/syscalls.o
                0x08001244                _isatty
 .text._lseek   0x08001248        0x4 Core/Src/syscalls.o
                0x08001248                _lseek
 .text.SystemInit
                0x0800124c       0x70 Core/Src/system_stm32f3xx.o
                0x0800124c                SystemInit
 .text.MX_TIM2_Init
                0x080012bc       0xe8 Core/Src/tim.o
                0x080012bc                MX_TIM2_Init
 .text.HAL_TIM_Base_MspInit
                0x080013a4       0x9c Core/Src/tim.o
                0x080013a4                HAL_TIM_Base_MspInit
 .text.savePulseData
                0x08001440       0xac Core/Src/tim.o
                0x08001440                savePulseData
 .text.resetPulseBuffer
                0x080014ec       0x4c Core/Src/tim.o
                0x080014ec                resetPulseBuffer
 .text.HAL_InitTick
                0x08001538       0x2c Drivers/STM32F3xx_HAL_Driver/Src/stm32f3xx_hal.o
                0x08001538                HAL_InitTick
 .text.HAL_Init
                0x08001564       0x24 Drivers/STM32F3xx_HAL_Driver/Src/stm32f3xx_hal.o
                0x08001564                HAL_Init
 .text.HAL_IncTick
                0x08001588       0x10 Drivers/STM32F3xx_HAL_Driver/Src/stm32f3xx_hal.o
                0x08001588                HAL_IncTick
 .text.HAL_GetTick
                0x08001598        0xc Drivers/STM32F3xx_HAL_Driver/Src/stm32f3xx_hal.o
                0x08001598                HAL_GetTick
 .text.HAL_NVIC_SetPriorityGrouping
                0x080015a4       0x38 Drivers/STM32F3xx_HAL_Driver/Src/stm32f3xx_hal_cortex.o
                0x080015a4                HAL_NVIC_SetPriorityGrouping
 .text.HAL_NVIC_SetPriority
                0x080015dc       0x94 Drivers/STM32F3xx_HAL_Driver/Src/stm32f3xx_hal_cortex.o
                0x080015dc                HAL_NVIC_SetPriority
 .text.HAL_NVIC_EnableIRQ
                0x08001670       0x2c Drivers/STM32F3xx_HAL_Driver/Src/stm32f3xx_hal_cortex.o
                0x08001670                HAL_NVIC_EnableIRQ
 .text.HAL_SYSTICK_Config
                0x0800169c       0x34 Drivers/STM32F3xx_HAL_Driver/Src/stm32f3xx_hal_cortex.o
                0x0800169c                HAL_SYSTICK_Config
 .text.HAL_SYSTICK_CLKSourceConfig
                0x080016d0       0x34 Drivers/STM32F3xx_HAL_Driver/Src/stm32f3xx_hal_cortex.o
                0x080016d0                HAL_SYSTICK_CLKSourceConfig
 .text.HAL_SYSTICK_IRQHandler
                0x08001704        0x8 Drivers/STM32F3xx_HAL_Driver/Src/stm32f3xx_hal_cortex.o
                0x08001704                HAL_SYSTICK_IRQHandler
 .text.HAL_DMA_Init
                0x0800170c      0x144 Drivers/STM32F3xx_HAL_Driver/Src/stm32f3xx_hal_dma.o
                0x0800170c                HAL_DMA_Init
 .text.HAL_DMA_Start_IT
                0x08001850       0xac Drivers/STM32F3xx_HAL_Driver/Src/stm32f3xx_hal_dma.o
                0x08001850                HAL_DMA_Start_IT
 .text.HAL_DMA_Abort
                0x080018fc       0x34 Drivers/STM32F3xx_HAL_Driver/Src/stm32f3xx_hal_dma.o
                0x080018fc                HAL_DMA_Abort
 .text.HAL_DMA_Abort_IT
                0x08001930       0x48 Drivers/STM32F3xx_HAL_Driver/Src/stm32f3xx_hal_dma.o
                0x08001930                HAL_DMA_Abort_IT
 .text.HAL_DMA_IRQHandler
                0x08001978       0x98 Drivers/STM32F3xx_HAL_Driver/Src/stm32f3xx_hal_dma.o
                0x08001978                HAL_DMA_IRQHandler
 .text.HAL_GPIO_Init
                0x08001a10      0x2c4 Drivers/STM32F3xx_HAL_Driver/Src/stm32f3xx_hal_gpio.o
                0x08001a10                HAL_GPIO_Init
 .text.HAL_GPIO_WritePin
                0x08001cd4       0x34 Drivers/STM32F3xx_HAL_Driver/Src/stm32f3xx_hal_gpio.o
                0x08001cd4                HAL_GPIO_WritePin
 .text.HAL_GPIO_TogglePin
                0x08001d08       0x20 Drivers/STM32F3xx_HAL_Driver/Src/stm32f3xx_hal_gpio.o
                0x08001d08                HAL_GPIO_TogglePin
 .text.HAL_RCC_OscConfig
                0x08001d28      0x684 Drivers/STM32F3xx_HAL_Driver/Src/stm32f3xx_hal_rcc.o
                0x08001d28                HAL_RCC_OscConfig
 .text.HAL_RCC_ClockConfig
                0x080023ac      0x2a4 Drivers/STM32F3xx_HAL_Driver/Src/stm32f3xx_hal_rcc.o
                0x080023ac                HAL_RCC_ClockConfig
 .text.HAL_RCC_GetSysClockFreq
                0x08002650       0x6c Drivers/STM32F3xx_HAL_Driver/Src/stm32f3xx_hal_rcc.o
                0x08002650                HAL_RCC_GetSysClockFreq
 .text.HAL_RCC_GetHCLKFreq
                0x080026bc        0xc Drivers/STM32F3xx_HAL_Driver/Src/stm32f3xx_hal_rcc.o
                0x080026bc                HAL_RCC_GetHCLKFreq
 .text.HAL_RCC_GetPCLK1Freq
                0x080026c8       0x30 Drivers/STM32F3xx_HAL_Driver/Src/stm32f3xx_hal_rcc.o
                0x080026c8                HAL_RCC_GetPCLK1Freq
 .text.HAL_RCC_GetPCLK2Freq
                0x080026f8       0x30 Drivers/STM32F3xx_HAL_Driver/Src/stm32f3xx_hal_rcc.o
                0x080026f8                HAL_RCC_GetPCLK2Freq
 .text.HAL_TIM_Base_Init
                0x08002728      0x17c Drivers/STM32F3xx_HAL_Driver/Src/stm32f3xx_hal_tim.o
                0x08002728                HAL_TIM_Base_Init
 .text.HAL_TIM_Base_Start
                0x080028a4       0x6c Drivers/STM32F3xx_HAL_Driver/Src/stm32f3xx_hal_tim.o
                0x080028a4                HAL_TIM_Base_Start
 .text.HAL_TIM_IC_MspInit
                0x08002910        0x4 Drivers/STM32F3xx_HAL_Driver/Src/stm32f3xx_hal_tim.o
                0x08002910                HAL_TIM_IC_MspInit
 .text.HAL_TIM_IC_Init
                0x08002914      0x184 Drivers/STM32F3xx_HAL_Driver/Src/stm32f3xx_hal_tim.o
                0x08002914                HAL_TIM_IC_Init
 .text.HAL_TIM_IC_ConfigChannel
                0x08002a98      0x270 Drivers/STM32F3xx_HAL_Driver/Src/stm32f3xx_hal_tim.o
                0x08002a98                HAL_TIM_IC_ConfigChannel
 .text.HAL_TIM_ConfigClockSource
                0x08002d08      0x4a4 Drivers/STM32F3xx_HAL_Driver/Src/stm32f3xx_hal_tim.o
                0x08002d08                HAL_TIM_ConfigClockSource
 .text.HAL_TIM_SlaveConfigSynchronization
                0x080031ac      0x388 Drivers/STM32F3xx_HAL_Driver/Src/stm32f3xx_hal_tim.o
                0x080031ac                HAL_TIM_SlaveConfigSynchronization
 .text.HAL_TIM_PeriodElapsedCallback
                0x08003534        0x4 Drivers/STM32F3xx_HAL_Driver/Src/stm32f3xx_hal_tim.o
                0x08003534                HAL_TIM_PeriodElapsedCallback
 .text.HAL_TIM_OC_DelayElapsedCallback
                0x08003538        0x4 Drivers/STM32F3xx_HAL_Driver/Src/stm32f3xx_hal_tim.o
                0x08003538                HAL_TIM_OC_DelayElapsedCallback
 .text.HAL_TIM_PWM_PulseFinishedCallback
                0x0800353c        0x4 Drivers/STM32F3xx_HAL_Driver/Src/stm32f3xx_hal_tim.o
                0x0800353c                HAL_TIM_PWM_PulseFinishedCallback
 .text.HAL_TIM_TriggerCallback
                0x08003540        0x4 Drivers/STM32F3xx_HAL_Driver/Src/stm32f3xx_hal_tim.o
                0x08003540                HAL_TIM_TriggerCallback
 .text.HAL_TIM_IRQHandler
                0x08003544      0x170 Drivers/STM32F3xx_HAL_Driver/Src/stm32f3xx_hal_tim.o
                0x08003544                HAL_TIM_IRQHandler
 .text.TIM_CCxChannelCmd
                0x080036b4       0x7c Drivers/STM32F3xx_HAL_Driver/Src/stm32f3xx_hal_tim.o
                0x080036b4                TIM_CCxChannelCmd
 .text.HAL_TIMEx_MasterConfigSynchronization
                0x08003730       0xdc Drivers/STM32F3xx_HAL_Driver/Src/stm32f3xx_hal_tim_ex.o
                0x08003730                HAL_TIMEx_MasterConfigSynchronization
 .text.HAL_TIMEx_CommutationCallback
                0x0800380c        0x4 Drivers/STM32F3xx_HAL_Driver/Src/stm32f3xx_hal_tim_ex.o
                0x0800380c                HAL_TIMEx_CommutationCallback
 .text.HAL_TIMEx_BreakCallback
                0x08003810        0x4 Drivers/STM32F3xx_HAL_Driver/Src/stm32f3xx_hal_tim_ex.o
                0x08003810                HAL_TIMEx_BreakCallback
 .text.HAL_TIMEx_Break2Callback
                0x08003814        0x4 Drivers/STM32F3xx_HAL_Driver/Src/stm32f3xx_hal_tim_ex.o
                0x08003814                HAL_TIMEx_Break2Callback
 .text.HAL_UART_Transmit_DMA
                0x08003818       0x7c Drivers/STM32F3xx_HAL_Driver/Src/stm32f3xx_hal_uart.o
                0x08003818                HAL_UART_Transmit_DMA
 .text.HAL_UART_Receive_DMA
                0x08003894       0x84 Drivers/STM32F3xx_HAL_Driver/Src/stm32f3xx_hal_uart.o
                0x08003894                HAL_UART_Receive_DMA
 .text.UART_DMATransmitCplt
                0x08003918       0x2c Drivers/STM32F3xx_HAL_Driver/Src/stm32f3xx_hal_uart.o
 .text.HAL_UART_TxHalfCpltCallback
                0x08003944        0x4 Drivers/STM32F3xx_HAL_Driver/Src/stm32f3xx_hal_uart.o
                0x08003944                HAL_UART_TxHalfCpltCallback
 .text.UART_DMATxHalfCplt
                0x08003948        0xc Drivers/STM32F3xx_HAL_Driver/Src/stm32f3xx_hal_uart.o
 .text.UART_DMAReceiveCplt
                0x08003954       0x38 Drivers/STM32F3xx_HAL_Driver/Src/stm32f3xx_hal_uart.o
 .text.HAL_UART_RxHalfCpltCallback
                0x0800398c        0x4 Drivers/STM32F3xx_HAL_Driver/Src/stm32f3xx_hal_uart.o
                0x0800398c                HAL_UART_RxHalfCpltCallback
 .text.UART_DMARxHalfCplt
                0x08003990        0xc Drivers/STM32F3xx_HAL_Driver/Src/stm32f3xx_hal_uart.o
 .text.HAL_UART_ErrorCallback
                0x0800399c        0x4 Drivers/STM32F3xx_HAL_Driver/Src/stm32f3xx_hal_uart.o
                0x0800399c                HAL_UART_ErrorCallback
 .text.UART_DMAError
                0x080039a0       0x68 Drivers/STM32F3xx_HAL_Driver/Src/stm32f3xx_hal_uart.o
 .text.UART_DMAAbortOnError
                0x08003a08       0x18 Drivers/STM32F3xx_HAL_Driver/Src/stm32f3xx_hal_uart.o
 .text.HAL_UART_IRQHandler
                0x08003a20      0x28c Drivers/STM32F3xx_HAL_Driver/Src/stm32f3xx_hal_uart.o
                0x08003a20                HAL_UART_IRQHandler
 .text.UART_AdvFeatureConfig
                0x08003cac      0x1b8 Drivers/STM32F3xx_HAL_Driver/Src/stm32f3xx_hal_uart.o
                0x08003cac                UART_AdvFeatureConfig
 .text.UART_CheckIdleState
                0x08003e64       0x80 Drivers/STM32F3xx_HAL_Driver/Src/stm32f3xx_hal_uart.o
                0x08003e64                UART_CheckIdleState
 .text.HAL_UART_Init
                0x08003ee4      0x2f0 Drivers/STM32F3xx_HAL_Driver/Src/stm32f3xx_hal_uart.o
                0x08003ee4                HAL_UART_Init
 .text.HAL_UARTEx_WakeupCallback
                0x080041d4        0x4 Drivers/STM32F3xx_HAL_Driver/Src/stm32f3xx_hal_uart_ex.o
                0x080041d4                HAL_UARTEx_WakeupCallback
 .text.MX_USART2_UART_Init
                0x080041d8       0x44 Drivers/UserDrivers/Src/usart.o
                0x080041d8                MX_USART2_UART_Init
 .text.HAL_UART_MspInit
                0x0800421c       0xd0 Drivers/UserDrivers/Src/usart.o
                0x0800421c                HAL_UART_MspInit
 .text.__io_putchar
                0x080042ec       0x94 Drivers/UserDrivers/Src/usart.o
                0x080042ec                __io_putchar
 .text.__io_getchar
                0x08004380        0x4 Drivers/UserDrivers/Src/usart.o
                0x08004380                __io_getchar
 .text.HAL_UART_TxCpltCallback
                0x08004384       0x28 Drivers/UserDrivers/Src/usart.o
                0x08004384                HAL_UART_TxCpltCallback
 .text.TransmitionStart
                0x080043ac       0x58 Drivers/UserDrivers/Src/usart.o
                0x080043ac                TransmitionStart
 .text.HAL_UART_RxCpltCallback
                0x08004404       0xa8 Drivers/UserDrivers/Src/usart.o
                0x08004404                HAL_UART_RxCpltCallback
 .text.uartSetReady
                0x080044ac       0xe4 Drivers/UserDrivers/Src/usart.o
                0x080044ac                uartSetReady
 .text.ReceptionStart
                0x08004590       0x6c Drivers/UserDrivers/Src/usart.o
                0x08004590                ReceptionStart
 .text.sdinIsBusy
                0x080045fc        0xc Drivers/UserDrivers/Src/usart.o
                0x080045fc                sdinIsBusy
 .text.Reset_Handler
                0x08004608       0x50 startup/startup_stm32f334x8.o
                0x08004608                Reset_Handler
 .text.Default_Handler
                0x08004658        0x2 startup/startup_stm32f334x8.o
                0x08004658                RTC_Alarm_IRQHandler
                0x08004658                HRTIM1_Master_IRQHandler
                0x08004658                DebugMon_Handler
                0x08004658                TIM1_CC_IRQHandler
                0x08004658                HardFault_Handler
                0x08004658                HRTIM1_FLT_IRQHandler
                0x08004658                PVD_IRQHandler
                0x08004658                HRTIM1_TIMD_IRQHandler
                0x08004658                TAMP_STAMP_IRQHandler
                0x08004658                PendSV_Handler
                0x08004658                NMI_Handler
                0x08004658                EXTI3_IRQHandler
                0x08004658                EXTI0_IRQHandler
                0x08004658                FPU_IRQHandler
                0x08004658                CAN_TX_IRQHandler
                0x08004658                TIM1_UP_TIM16_IRQHandler
                0x08004658                UsageFault_Handler
                0x08004658                ADC1_2_IRQHandler
                0x08004658                HRTIM1_TIME_IRQHandler
                0x08004658                SPI1_IRQHandler
                0x08004658                CAN_SCE_IRQHandler
                0x08004658                HRTIM1_TIMC_IRQHandler
                0x08004658                DMA1_Channel4_IRQHandler
                0x08004658                USART3_IRQHandler
                0x08004658                TIM7_DAC2_IRQHandler
                0x08004658                CAN_RX1_IRQHandler
                0x08004658                I2C1_EV_IRQHandler
                0x08004658                TIM3_IRQHandler
                0x08004658                RCC_IRQHandler
                0x08004658                DMA1_Channel1_IRQHandler
                0x08004658                Default_Handler
                0x08004658                EXTI15_10_IRQHandler
                0x08004658                COMP2_IRQHandler
                0x08004658                HRTIM1_TIMA_IRQHandler
                0x08004658                TIM6_DAC1_IRQHandler
                0x08004658                EXTI9_5_IRQHandler
                0x08004658                RTC_WKUP_IRQHandler
                0x08004658                MemManage_Handler
                0x08004658                SVC_Handler
                0x08004658                EXTI4_IRQHandler
                0x08004658                HRTIM1_TIMB_IRQHandler
                0x08004658                TIM1_TRG_COM_TIM17_IRQHandler
                0x08004658                DMA1_Channel3_IRQHandler
                0x08004658                WWDG_IRQHandler
                0x08004658                EXTI1_IRQHandler
                0x08004658                COMP4_6_IRQHandler
                0x08004658                DMA1_Channel2_IRQHandler
                0x08004658                FLASH_IRQHandler
                0x08004658                BusFault_Handler
                0x08004658                USART1_IRQHandler
                0x08004658                CAN_RX0_IRQHandler
                0x08004658                I2C1_ER_IRQHandler
                0x08004658                EXTI2_TSC_IRQHandler
                0x08004658                TIM1_BRK_TIM15_IRQHandler
 *fill*         0x0800465a        0x2 
 .text.__errno  0x0800465c        0xc c:/ac6/systemworkbench/plugins/fr.ac6.mcu.externaltools.arm-none.win32_1.15.0.201708311556/tools/compiler/bin/../lib/gcc/arm-none-eabi/6.3.1/../../../../arm-none-eabi/lib/thumb/v7e-m/fpv4-sp/hard\libc_nano.a(lib_a-errno.o)
                0x0800465c                __errno
 .text.__libc_init_array
                0x08004668       0x48 c:/ac6/systemworkbench/plugins/fr.ac6.mcu.externaltools.arm-none.win32_1.15.0.201708311556/tools/compiler/bin/../lib/gcc/arm-none-eabi/6.3.1/../../../../arm-none-eabi/lib/thumb/v7e-m/fpv4-sp/hard\libc_nano.a(lib_a-init.o)
                0x08004668                __libc_init_array
 .text.memset   0x080046b0       0x10 c:/ac6/systemworkbench/plugins/fr.ac6.mcu.externaltools.arm-none.win32_1.15.0.201708311556/tools/compiler/bin/../lib/gcc/arm-none-eabi/6.3.1/../../../../arm-none-eabi/lib/thumb/v7e-m/fpv4-sp/hard\libc_nano.a(lib_a-memset.o)
                0x080046b0                memset
 .text.__cvt    0x080046c0       0xc2 c:/ac6/systemworkbench/plugins/fr.ac6.mcu.externaltools.arm-none.win32_1.15.0.201708311556/tools/compiler/bin/../lib/gcc/arm-none-eabi/6.3.1/../../../../arm-none-eabi/lib/thumb/v7e-m/fpv4-sp/hard\libc_nano.a(lib_a-nano-vfprintf_float.o)
                0x080046c0                __cvt
 .text.__exponent
                0x08004782       0x6a c:/ac6/systemworkbench/plugins/fr.ac6.mcu.externaltools.arm-none.win32_1.15.0.201708311556/tools/compiler/bin/../lib/gcc/arm-none-eabi/6.3.1/../../../../arm-none-eabi/lib/thumb/v7e-m/fpv4-sp/hard\libc_nano.a(lib_a-nano-vfprintf_float.o)
                0x08004782                __exponent
 .text._printf_float
                0x080047ec      0x480 c:/ac6/systemworkbench/plugins/fr.ac6.mcu.externaltools.arm-none.win32_1.15.0.201708311556/tools/compiler/bin/../lib/gcc/arm-none-eabi/6.3.1/../../../../arm-none-eabi/lib/thumb/v7e-m/fpv4-sp/hard\libc_nano.a(lib_a-nano-vfprintf_float.o)
                0x080047ec                _printf_float
 .text._printf_common
                0x08004c6c       0xec c:/ac6/systemworkbench/plugins/fr.ac6.mcu.externaltools.arm-none.win32_1.15.0.201708311556/tools/compiler/bin/../lib/gcc/arm-none-eabi/6.3.1/../../../../arm-none-eabi/lib/thumb/v7e-m/fpv4-sp/hard\libc_nano.a(lib_a-nano-vfprintf_i.o)
                0x08004c6c                _printf_common
 .text._printf_i
                0x08004d58      0x240 c:/ac6/systemworkbench/plugins/fr.ac6.mcu.externaltools.arm-none.win32_1.15.0.201708311556/tools/compiler/bin/../lib/gcc/arm-none-eabi/6.3.1/../../../../arm-none-eabi/lib/thumb/v7e-m/fpv4-sp/hard\libc_nano.a(lib_a-nano-vfprintf_i.o)
                0x08004d58                _printf_i
 .text.printf   0x08004f98       0x30 c:/ac6/systemworkbench/plugins/fr.ac6.mcu.externaltools.arm-none.win32_1.15.0.201708311556/tools/compiler/bin/../lib/gcc/arm-none-eabi/6.3.1/../../../../arm-none-eabi/lib/thumb/v7e-m/fpv4-sp/hard\libc_nano.a(lib_a-printf.o)
                0x08004f98                iprintf
                0x08004f98                printf
 .text.quorem   0x08004fc8      0x118 c:/ac6/systemworkbench/plugins/fr.ac6.mcu.externaltools.arm-none.win32_1.15.0.201708311556/tools/compiler/bin/../lib/gcc/arm-none-eabi/6.3.1/../../../../arm-none-eabi/lib/thumb/v7e-m/fpv4-sp/hard\libc_nano.a(lib_a-dtoa.o)
 .text._dtoa_r  0x080050e0      0xb9c c:/ac6/systemworkbench/plugins/fr.ac6.mcu.externaltools.arm-none.win32_1.15.0.201708311556/tools/compiler/bin/../lib/gcc/arm-none-eabi/6.3.1/../../../../arm-none-eabi/lib/thumb/v7e-m/fpv4-sp/hard\libc_nano.a(lib_a-dtoa.o)
                0x080050e0                _dtoa_r
 .text._cleanup_r
                0x08005c7c        0xc c:/ac6/systemworkbench/plugins/fr.ac6.mcu.externaltools.arm-none.win32_1.15.0.201708311556/tools/compiler/bin/../lib/gcc/arm-none-eabi/6.3.1/../../../../arm-none-eabi/lib/thumb/v7e-m/fpv4-sp/hard\libc_nano.a(lib_a-findfp.o)
                0x08005c7c                _cleanup_r
 .text.std.isra.0
                0x08005c88       0x48 c:/ac6/systemworkbench/plugins/fr.ac6.mcu.externaltools.arm-none.win32_1.15.0.201708311556/tools/compiler/bin/../lib/gcc/arm-none-eabi/6.3.1/../../../../arm-none-eabi/lib/thumb/v7e-m/fpv4-sp/hard\libc_nano.a(lib_a-findfp.o)
 .text.__sfmoreglue
                0x08005cd0       0x2c c:/ac6/systemworkbench/plugins/fr.ac6.mcu.externaltools.arm-none.win32_1.15.0.201708311556/tools/compiler/bin/../lib/gcc/arm-none-eabi/6.3.1/../../../../arm-none-eabi/lib/thumb/v7e-m/fpv4-sp/hard\libc_nano.a(lib_a-findfp.o)
                0x08005cd0                __sfmoreglue
 .text.__sinit  0x08005cfc       0x60 c:/ac6/systemworkbench/plugins/fr.ac6.mcu.externaltools.arm-none.win32_1.15.0.201708311556/tools/compiler/bin/../lib/gcc/arm-none-eabi/6.3.1/../../../../arm-none-eabi/lib/thumb/v7e-m/fpv4-sp/hard\libc_nano.a(lib_a-findfp.o)
                0x08005cfc                __sinit
 .text.__sfp    0x08005d5c       0x78 c:/ac6/systemworkbench/plugins/fr.ac6.mcu.externaltools.arm-none.win32_1.15.0.201708311556/tools/compiler/bin/../lib/gcc/arm-none-eabi/6.3.1/../../../../arm-none-eabi/lib/thumb/v7e-m/fpv4-sp/hard\libc_nano.a(lib_a-findfp.o)
                0x08005d5c                __sfp
 .text._fwalk_reent
                0x08005dd4       0x3c c:/ac6/systemworkbench/plugins/fr.ac6.mcu.externaltools.arm-none.win32_1.15.0.201708311556/tools/compiler/bin/../lib/gcc/arm-none-eabi/6.3.1/../../../../arm-none-eabi/lib/thumb/v7e-m/fpv4-sp/hard\libc_nano.a(lib_a-fwalk.o)
                0x08005dd4                _fwalk_reent
 .text._localeconv_r
                0x08005e10       0x1c c:/ac6/systemworkbench/plugins/fr.ac6.mcu.externaltools.arm-none.win32_1.15.0.201708311556/tools/compiler/bin/../lib/gcc/arm-none-eabi/6.3.1/../../../../arm-none-eabi/lib/thumb/v7e-m/fpv4-sp/hard\libc_nano.a(lib_a-localeconv.o)
                0x08005e10                _localeconv_r
 .text.malloc   0x08005e2c       0x10 c:/ac6/systemworkbench/plugins/fr.ac6.mcu.externaltools.arm-none.win32_1.15.0.201708311556/tools/compiler/bin/../lib/gcc/arm-none-eabi/6.3.1/../../../../arm-none-eabi/lib/thumb/v7e-m/fpv4-sp/hard\libc_nano.a(lib_a-malloc.o)
                0x08005e2c                malloc
 .text.memcpy   0x08005e3c       0x16 c:/ac6/systemworkbench/plugins/fr.ac6.mcu.externaltools.arm-none.win32_1.15.0.201708311556/tools/compiler/bin/../lib/gcc/arm-none-eabi/6.3.1/../../../../arm-none-eabi/lib/thumb/v7e-m/fpv4-sp/hard\libc_nano.a(lib_a-memcpy-stub.o)
                0x08005e3c                memcpy
 .text._Balloc  0x08005e52       0x68 c:/ac6/systemworkbench/plugins/fr.ac6.mcu.externaltools.arm-none.win32_1.15.0.201708311556/tools/compiler/bin/../lib/gcc/arm-none-eabi/6.3.1/../../../../arm-none-eabi/lib/thumb/v7e-m/fpv4-sp/hard\libc_nano.a(lib_a-mprec.o)
                0x08005e52                _Balloc
 .text._Bfree   0x08005eba       0x2e c:/ac6/systemworkbench/plugins/fr.ac6.mcu.externaltools.arm-none.win32_1.15.0.201708311556/tools/compiler/bin/../lib/gcc/arm-none-eabi/6.3.1/../../../../arm-none-eabi/lib/thumb/v7e-m/fpv4-sp/hard\libc_nano.a(lib_a-mprec.o)
                0x08005eba                _Bfree
 .text.__multadd
                0x08005ee8       0x76 c:/ac6/systemworkbench/plugins/fr.ac6.mcu.externaltools.arm-none.win32_1.15.0.201708311556/tools/compiler/bin/../lib/gcc/arm-none-eabi/6.3.1/../../../../arm-none-eabi/lib/thumb/v7e-m/fpv4-sp/hard\libc_nano.a(lib_a-mprec.o)
                0x08005ee8                __multadd
 .text.__hi0bits
                0x08005f5e       0x3e c:/ac6/systemworkbench/plugins/fr.ac6.mcu.externaltools.arm-none.win32_1.15.0.201708311556/tools/compiler/bin/../lib/gcc/arm-none-eabi/6.3.1/../../../../arm-none-eabi/lib/thumb/v7e-m/fpv4-sp/hard\libc_nano.a(lib_a-mprec.o)
                0x08005f5e                __hi0bits
 .text.__lo0bits
                0x08005f9c       0x5e c:/ac6/systemworkbench/plugins/fr.ac6.mcu.externaltools.arm-none.win32_1.15.0.201708311556/tools/compiler/bin/../lib/gcc/arm-none-eabi/6.3.1/../../../../arm-none-eabi/lib/thumb/v7e-m/fpv4-sp/hard\libc_nano.a(lib_a-mprec.o)
                0x08005f9c                __lo0bits
 .text.__i2b    0x08005ffa       0x12 c:/ac6/systemworkbench/plugins/fr.ac6.mcu.externaltools.arm-none.win32_1.15.0.201708311556/tools/compiler/bin/../lib/gcc/arm-none-eabi/6.3.1/../../../../arm-none-eabi/lib/thumb/v7e-m/fpv4-sp/hard\libc_nano.a(lib_a-mprec.o)
                0x08005ffa                __i2b
 .text.__multiply
                0x0800600c      0x11a c:/ac6/systemworkbench/plugins/fr.ac6.mcu.externaltools.arm-none.win32_1.15.0.201708311556/tools/compiler/bin/../lib/gcc/arm-none-eabi/6.3.1/../../../../arm-none-eabi/lib/thumb/v7e-m/fpv4-sp/hard\libc_nano.a(lib_a-mprec.o)
                0x0800600c                __multiply
 *fill*         0x08006126        0x2 
 .text.__pow5mult
                0x08006128       0x9c c:/ac6/systemworkbench/plugins/fr.ac6.mcu.externaltools.arm-none.win32_1.15.0.201708311556/tools/compiler/bin/../lib/gcc/arm-none-eabi/6.3.1/../../../../arm-none-eabi/lib/thumb/v7e-m/fpv4-sp/hard\libc_nano.a(lib_a-mprec.o)
                0x08006128                __pow5mult
 .text.__lshift
                0x080061c4       0xa2 c:/ac6/systemworkbench/plugins/fr.ac6.mcu.externaltools.arm-none.win32_1.15.0.201708311556/tools/compiler/bin/../lib/gcc/arm-none-eabi/6.3.1/../../../../arm-none-eabi/lib/thumb/v7e-m/fpv4-sp/hard\libc_nano.a(lib_a-mprec.o)
                0x080061c4                __lshift
 .text.__mcmp   0x08006266       0x34 c:/ac6/systemworkbench/plugins/fr.ac6.mcu.externaltools.arm-none.win32_1.15.0.201708311556/tools/compiler/bin/../lib/gcc/arm-none-eabi/6.3.1/../../../../arm-none-eabi/lib/thumb/v7e-m/fpv4-sp/hard\libc_nano.a(lib_a-mprec.o)
                0x08006266                __mcmp
 .text.__mdiff  0x0800629a       0xbc c:/ac6/systemworkbench/plugins/fr.ac6.mcu.externaltools.arm-none.win32_1.15.0.201708311556/tools/compiler/bin/../lib/gcc/arm-none-eabi/6.3.1/../../../../arm-none-eabi/lib/thumb/v7e-m/fpv4-sp/hard\libc_nano.a(lib_a-mprec.o)
                0x0800629a                __mdiff
 .text.__d2b    0x08006356       0x9e c:/ac6/systemworkbench/plugins/fr.ac6.mcu.externaltools.arm-none.win32_1.15.0.201708311556/tools/compiler/bin/../lib/gcc/arm-none-eabi/6.3.1/../../../../arm-none-eabi/lib/thumb/v7e-m/fpv4-sp/hard\libc_nano.a(lib_a-mprec.o)
                0x08006356                __d2b
 .text._calloc_r
                0x080063f4       0x1c c:/ac6/systemworkbench/plugins/fr.ac6.mcu.externaltools.arm-none.win32_1.15.0.201708311556/tools/compiler/bin/../lib/gcc/arm-none-eabi/6.3.1/../../../../arm-none-eabi/lib/thumb/v7e-m/fpv4-sp/hard\libc_nano.a(lib_a-nano-callocr.o)
                0x080063f4                _calloc_r
 .text._free_r  0x08006410       0x9c c:/ac6/systemworkbench/plugins/fr.ac6.mcu.externaltools.arm-none.win32_1.15.0.201708311556/tools/compiler/bin/../lib/gcc/arm-none-eabi/6.3.1/../../../../arm-none-eabi/lib/thumb/v7e-m/fpv4-sp/hard\libc_nano.a(lib_a-nano-freer.o)
                0x08006410                _free_r
 .text._malloc_r
                0x080064ac       0xbc c:/ac6/systemworkbench/plugins/fr.ac6.mcu.externaltools.arm-none.win32_1.15.0.201708311556/tools/compiler/bin/../lib/gcc/arm-none-eabi/6.3.1/../../../../arm-none-eabi/lib/thumb/v7e-m/fpv4-sp/hard\libc_nano.a(lib_a-nano-mallocr.o)
                0x080064ac                _malloc_r
 .text.__sfputc_r
                0x08006568       0x30 c:/ac6/systemworkbench/plugins/fr.ac6.mcu.externaltools.arm-none.win32_1.15.0.201708311556/tools/compiler/bin/../lib/gcc/arm-none-eabi/6.3.1/../../../../arm-none-eabi/lib/thumb/v7e-m/fpv4-sp/hard\libc_nano.a(lib_a-nano-vfprintf.o)
 .text.__sfputs_r
                0x08006598       0x24 c:/ac6/systemworkbench/plugins/fr.ac6.mcu.externaltools.arm-none.win32_1.15.0.201708311556/tools/compiler/bin/../lib/gcc/arm-none-eabi/6.3.1/../../../../arm-none-eabi/lib/thumb/v7e-m/fpv4-sp/hard\libc_nano.a(lib_a-nano-vfprintf.o)
                0x08006598                __sfputs_r
 .text._vfprintf_r
                0x080065bc      0x22c c:/ac6/systemworkbench/plugins/fr.ac6.mcu.externaltools.arm-none.win32_1.15.0.201708311556/tools/compiler/bin/../lib/gcc/arm-none-eabi/6.3.1/../../../../arm-none-eabi/lib/thumb/v7e-m/fpv4-sp/hard\libc_nano.a(lib_a-nano-vfprintf.o)
                0x080065bc                _vfprintf_r
                0x080065bc                _vfiprintf_r
 .text._sbrk_r  0x080067e8       0x20 c:/ac6/systemworkbench/plugins/fr.ac6.mcu.externaltools.arm-none.win32_1.15.0.201708311556/tools/compiler/bin/../lib/gcc/arm-none-eabi/6.3.1/../../../../arm-none-eabi/lib/thumb/v7e-m/fpv4-sp/hard\libc_nano.a(lib_a-sbrkr.o)
                0x080067e8                _sbrk_r
 .text.__sread  0x08006808       0x22 c:/ac6/systemworkbench/plugins/fr.ac6.mcu.externaltools.arm-none.win32_1.15.0.201708311556/tools/compiler/bin/../lib/gcc/arm-none-eabi/6.3.1/../../../../arm-none-eabi/lib/thumb/v7e-m/fpv4-sp/hard\libc_nano.a(lib_a-stdio.o)
                0x08006808                __sread
 .text.__swrite
                0x0800682a       0x38 c:/ac6/systemworkbench/plugins/fr.ac6.mcu.externaltools.arm-none.win32_1.15.0.201708311556/tools/compiler/bin/../lib/gcc/arm-none-eabi/6.3.1/../../../../arm-none-eabi/lib/thumb/v7e-m/fpv4-sp/hard\libc_nano.a(lib_a-stdio.o)
                0x0800682a                __swrite
 .text.__sseek  0x08006862       0x24 c:/ac6/systemworkbench/plugins/fr.ac6.mcu.externaltools.arm-none.win32_1.15.0.201708311556/tools/compiler/bin/../lib/gcc/arm-none-eabi/6.3.1/../../../../arm-none-eabi/lib/thumb/v7e-m/fpv4-sp/hard\libc_nano.a(lib_a-stdio.o)
                0x08006862                __sseek
 .text.__sclose
                0x08006886        0x8 c:/ac6/systemworkbench/plugins/fr.ac6.mcu.externaltools.arm-none.win32_1.15.0.201708311556/tools/compiler/bin/../lib/gcc/arm-none-eabi/6.3.1/../../../../arm-none-eabi/lib/thumb/v7e-m/fpv4-sp/hard\libc_nano.a(lib_a-stdio.o)
                0x08006886                __sclose
 *fill*         0x0800688e        0x2 
 .text.__swbuf_r
                0x08006890       0xa4 c:/ac6/systemworkbench/plugins/fr.ac6.mcu.externaltools.arm-none.win32_1.15.0.201708311556/tools/compiler/bin/../lib/gcc/arm-none-eabi/6.3.1/../../../../arm-none-eabi/lib/thumb/v7e-m/fpv4-sp/hard\libc_nano.a(lib_a-wbuf.o)
                0x08006890                __swbuf_r
 .text._write_r
                0x08006934       0x24 c:/ac6/systemworkbench/plugins/fr.ac6.mcu.externaltools.arm-none.win32_1.15.0.201708311556/tools/compiler/bin/../lib/gcc/arm-none-eabi/6.3.1/../../../../arm-none-eabi/lib/thumb/v7e-m/fpv4-sp/hard\libc_nano.a(lib_a-writer.o)
                0x08006934                _write_r
 .text.__swsetup_r
                0x08006958       0xdc c:/ac6/systemworkbench/plugins/fr.ac6.mcu.externaltools.arm-none.win32_1.15.0.201708311556/tools/compiler/bin/../lib/gcc/arm-none-eabi/6.3.1/../../../../arm-none-eabi/lib/thumb/v7e-m/fpv4-sp/hard\libc_nano.a(lib_a-wsetup.o)
                0x08006958                __swsetup_r
 .text._close_r
                0x08006a34       0x20 c:/ac6/systemworkbench/plugins/fr.ac6.mcu.externaltools.arm-none.win32_1.15.0.201708311556/tools/compiler/bin/../lib/gcc/arm-none-eabi/6.3.1/../../../../arm-none-eabi/lib/thumb/v7e-m/fpv4-sp/hard\libc_nano.a(lib_a-closer.o)
                0x08006a34                _close_r
 .text.__sflush_r
                0x08006a54      0x110 c:/ac6/systemworkbench/plugins/fr.ac6.mcu.externaltools.arm-none.win32_1.15.0.201708311556/tools/compiler/bin/../lib/gcc/arm-none-eabi/6.3.1/../../../../arm-none-eabi/lib/thumb/v7e-m/fpv4-sp/hard\libc_nano.a(lib_a-fflush.o)
                0x08006a54                __sflush_r
 .text._fflush_r
                0x08006b64       0x54 c:/ac6/systemworkbench/plugins/fr.ac6.mcu.externaltools.arm-none.win32_1.15.0.201708311556/tools/compiler/bin/../lib/gcc/arm-none-eabi/6.3.1/../../../../arm-none-eabi/lib/thumb/v7e-m/fpv4-sp/hard\libc_nano.a(lib_a-fflush.o)
                0x08006b64                _fflush_r
 .text._lseek_r
                0x08006bb8       0x24 c:/ac6/systemworkbench/plugins/fr.ac6.mcu.externaltools.arm-none.win32_1.15.0.201708311556/tools/compiler/bin/../lib/gcc/arm-none-eabi/6.3.1/../../../../arm-none-eabi/lib/thumb/v7e-m/fpv4-sp/hard\libc_nano.a(lib_a-lseekr.o)
                0x08006bb8                _lseek_r
 .text.__swhatbuf_r
                0x08006bdc       0x48 c:/ac6/systemworkbench/plugins/fr.ac6.mcu.externaltools.arm-none.win32_1.15.0.201708311556/tools/compiler/bin/../lib/gcc/arm-none-eabi/6.3.1/../../../../arm-none-eabi/lib/thumb/v7e-m/fpv4-sp/hard\libc_nano.a(lib_a-makebuf.o)
                0x08006bdc                __swhatbuf_r
 .text.__smakebuf_r
                0x08006c24       0x80 c:/ac6/systemworkbench/plugins/fr.ac6.mcu.externaltools.arm-none.win32_1.15.0.201708311556/tools/compiler/bin/../lib/gcc/arm-none-eabi/6.3.1/../../../../arm-none-eabi/lib/thumb/v7e-m/fpv4-sp/hard\libc_nano.a(lib_a-makebuf.o)
                0x08006c24                __smakebuf_r
 .text.__ascii_mbtowc
                0x08006ca4       0x24 c:/ac6/systemworkbench/plugins/fr.ac6.mcu.externaltools.arm-none.win32_1.15.0.201708311556/tools/compiler/bin/../lib/gcc/arm-none-eabi/6.3.1/../../../../arm-none-eabi/lib/thumb/v7e-m/fpv4-sp/hard\libc_nano.a(lib_a-mbtowc_r.o)
                0x08006ca4                __ascii_mbtowc
 .text.__malloc_lock
                0x08006cc8        0x2 c:/ac6/systemworkbench/plugins/fr.ac6.mcu.externaltools.arm-none.win32_1.15.0.201708311556/tools/compiler/bin/../lib/gcc/arm-none-eabi/6.3.1/../../../../arm-none-eabi/lib/thumb/v7e-m/fpv4-sp/hard\libc_nano.a(lib_a-mlock.o)
                0x08006cc8                __malloc_lock
 .text.__malloc_unlock
                0x08006cca        0x2 c:/ac6/systemworkbench/plugins/fr.ac6.mcu.externaltools.arm-none.win32_1.15.0.201708311556/tools/compiler/bin/../lib/gcc/arm-none-eabi/6.3.1/../../../../arm-none-eabi/lib/thumb/v7e-m/fpv4-sp/hard\libc_nano.a(lib_a-mlock.o)
                0x08006cca                __malloc_unlock
 .text._read_r  0x08006ccc       0x24 c:/ac6/systemworkbench/plugins/fr.ac6.mcu.externaltools.arm-none.win32_1.15.0.201708311556/tools/compiler/bin/../lib/gcc/arm-none-eabi/6.3.1/../../../../arm-none-eabi/lib/thumb/v7e-m/fpv4-sp/hard\libc_nano.a(lib_a-readr.o)
                0x08006ccc                _read_r
 .text.__ascii_wctomb
                0x08006cf0       0x1a c:/ac6/systemworkbench/plugins/fr.ac6.mcu.externaltools.arm-none.win32_1.15.0.201708311556/tools/compiler/bin/../lib/gcc/arm-none-eabi/6.3.1/../../../../arm-none-eabi/lib/thumb/v7e-m/fpv4-sp/hard\libc_nano.a(lib_a-wctomb_r.o)
                0x08006cf0                __ascii_wctomb
 *fill*         0x08006d0a        0x2 
 .text._fstat_r
                0x08006d0c       0x24 c:/ac6/systemworkbench/plugins/fr.ac6.mcu.externaltools.arm-none.win32_1.15.0.201708311556/tools/compiler/bin/../lib/gcc/arm-none-eabi/6.3.1/../../../../arm-none-eabi/lib/thumb/v7e-m/fpv4-sp/hard\libc_nano.a(lib_a-fstatr.o)
                0x08006d0c                _fstat_r
 .text._isatty_r
                0x08006d30       0x20 c:/ac6/systemworkbench/plugins/fr.ac6.mcu.externaltools.arm-none.win32_1.15.0.201708311556/tools/compiler/bin/../lib/gcc/arm-none-eabi/6.3.1/../../../../arm-none-eabi/lib/thumb/v7e-m/fpv4-sp/hard\libc_nano.a(lib_a-isattyr.o)
                0x08006d30                _isatty_r
 *(.glue_7)
 .glue_7        0x08006d50        0x0 linker stubs
 *(.glue_7t)
 .glue_7t       0x08006d50        0x0 linker stubs
 *(.eh_frame)
 .eh_frame      0x08006d50        0x0 c:/ac6/systemworkbench/plugins/fr.ac6.mcu.externaltools.arm-none.win32_1.15.0.201708311556/tools/compiler/bin/../lib/gcc/arm-none-eabi/6.3.1/thumb/v7e-m/fpv4-sp/hard/crtbegin.o
 *(.init)
 .init          0x08006d50        0x4 c:/ac6/systemworkbench/plugins/fr.ac6.mcu.externaltools.arm-none.win32_1.15.0.201708311556/tools/compiler/bin/../lib/gcc/arm-none-eabi/6.3.1/thumb/v7e-m/fpv4-sp/hard/crti.o
                0x08006d50                _init
 .init          0x08006d54        0x8 c:/ac6/systemworkbench/plugins/fr.ac6.mcu.externaltools.arm-none.win32_1.15.0.201708311556/tools/compiler/bin/../lib/gcc/arm-none-eabi/6.3.1/thumb/v7e-m/fpv4-sp/hard/crtn.o
 *(.fini)
 .fini          0x08006d5c        0x4 c:/ac6/systemworkbench/plugins/fr.ac6.mcu.externaltools.arm-none.win32_1.15.0.201708311556/tools/compiler/bin/../lib/gcc/arm-none-eabi/6.3.1/thumb/v7e-m/fpv4-sp/hard/crti.o
                0x08006d5c                _fini
 .fini          0x08006d60        0x8 c:/ac6/systemworkbench/plugins/fr.ac6.mcu.externaltools.arm-none.win32_1.15.0.201708311556/tools/compiler/bin/../lib/gcc/arm-none-eabi/6.3.1/thumb/v7e-m/fpv4-sp/hard/crtn.o
                0x08006d68                . = ALIGN (0x4)
                0x08006d68                _etext = .

.vfp11_veneer   0x08006d68        0x0
 .vfp11_veneer  0x08006d68        0x0 linker stubs

.v4_bx          0x08006d68        0x0
 .v4_bx         0x08006d68        0x0 linker stubs

.iplt           0x08006d68        0x0
 .iplt          0x08006d68        0x0 c:/ac6/systemworkbench/plugins/fr.ac6.mcu.externaltools.arm-none.win32_1.15.0.201708311556/tools/compiler/bin/../lib/gcc/arm-none-eabi/6.3.1/thumb/v7e-m/fpv4-sp/hard/crtbegin.o

.rodata         0x08006d68      0x560
                0x08006d68                . = ALIGN (0x4)
 *(.rodata)
 .rodata        0x08006d68       0x18 Core/Src/system_stm32f3xx.o
                0x08006d68                AHBPrescTable
                0x08006d78                APBPrescTable
 .rodata        0x08006d80       0x20 Drivers/STM32F3xx_HAL_Driver/Src/stm32f3xx_hal_rcc.o
                0x08006d80                aPLLMULFactorTable
                0x08006d90                aPredivFactorTable
 .rodata        0x08006da0        0x4 Drivers/STM32F3xx_HAL_Driver/Src/stm32f3xx_hal_uart.o
 *(.rodata*)
 .rodata.str1.4
                0x08006da4       0x74 Core/Src/main.o
 .rodata.str1.4
                0x08006e18       0x33 Core/Src/tim.o
 *fill*         0x08006e4b        0x1 
 .rodata.str1.4
                0x08006e4c       0x3b Drivers/STM32F3xx_HAL_Driver/Src/stm32f3xx_hal_cortex.o
 *fill*         0x08006e87        0x1 
 .rodata.str1.4
                0x08006e88       0x38 Drivers/STM32F3xx_HAL_Driver/Src/stm32f3xx_hal_dma.o
 .rodata.str1.4
                0x08006ec0       0x39 Drivers/STM32F3xx_HAL_Driver/Src/stm32f3xx_hal_gpio.o
 *fill*         0x08006ef9        0x3 
 .rodata.str1.4
                0x08006efc       0x38 Drivers/STM32F3xx_HAL_Driver/Src/stm32f3xx_hal_rcc.o
 .rodata.str1.4
                0x08006f34       0x38 Drivers/STM32F3xx_HAL_Driver/Src/stm32f3xx_hal_tim.o
 .rodata.str1.4
                0x08006f6c       0x3b Drivers/STM32F3xx_HAL_Driver/Src/stm32f3xx_hal_tim_ex.o
 *fill*         0x08006fa7        0x1 
 .rodata.str1.4
                0x08006fa8       0x39 Drivers/STM32F3xx_HAL_Driver/Src/stm32f3xx_hal_uart.o
 *fill*         0x08006fe1        0x3 
 .rodata.str1.4
                0x08006fe4       0x24 Drivers/UserDrivers/Src/usart.o
                                 0x23 (size before relaxing)
 .rodata._global_impure_ptr
                0x08007008        0x4 c:/ac6/systemworkbench/plugins/fr.ac6.mcu.externaltools.arm-none.win32_1.15.0.201708311556/tools/compiler/bin/../lib/gcc/arm-none-eabi/6.3.1/../../../../arm-none-eabi/lib/thumb/v7e-m/fpv4-sp/hard\libc_nano.a(lib_a-impure.o)
                0x08007008                _global_impure_ptr
 .rodata._printf_float.str1.1
                0x0800700c       0x12 c:/ac6/systemworkbench/plugins/fr.ac6.mcu.externaltools.arm-none.win32_1.15.0.201708311556/tools/compiler/bin/../lib/gcc/arm-none-eabi/6.3.1/../../../../arm-none-eabi/lib/thumb/v7e-m/fpv4-sp/hard\libc_nano.a(lib_a-nano-vfprintf_float.o)
 .rodata._printf_i.str1.1
                0x0800701e       0x22 c:/ac6/systemworkbench/plugins/fr.ac6.mcu.externaltools.arm-none.win32_1.15.0.201708311556/tools/compiler/bin/../lib/gcc/arm-none-eabi/6.3.1/../../../../arm-none-eabi/lib/thumb/v7e-m/fpv4-sp/hard\libc_nano.a(lib_a-nano-vfprintf_i.o)
 .rodata._dtoa_r.str1.1
                0x08007040        0xd c:/ac6/systemworkbench/plugins/fr.ac6.mcu.externaltools.arm-none.win32_1.15.0.201708311556/tools/compiler/bin/../lib/gcc/arm-none-eabi/6.3.1/../../../../arm-none-eabi/lib/thumb/v7e-m/fpv4-sp/hard\libc_nano.a(lib_a-dtoa.o)
                                  0xf (size before relaxing)
 *fill*         0x0800704d        0x3 
 .rodata.__sf_fake_stderr
                0x08007050       0x20 c:/ac6/systemworkbench/plugins/fr.ac6.mcu.externaltools.arm-none.win32_1.15.0.201708311556/tools/compiler/bin/../lib/gcc/arm-none-eabi/6.3.1/../../../../arm-none-eabi/lib/thumb/v7e-m/fpv4-sp/hard\libc_nano.a(lib_a-findfp.o)
                0x08007050                __sf_fake_stderr
 .rodata.__sf_fake_stdin
                0x08007070       0x20 c:/ac6/systemworkbench/plugins/fr.ac6.mcu.externaltools.arm-none.win32_1.15.0.201708311556/tools/compiler/bin/../lib/gcc/arm-none-eabi/6.3.1/../../../../arm-none-eabi/lib/thumb/v7e-m/fpv4-sp/hard\libc_nano.a(lib_a-findfp.o)
                0x08007070                __sf_fake_stdin
 .rodata.__sf_fake_stdout
                0x08007090       0x20 c:/ac6/systemworkbench/plugins/fr.ac6.mcu.externaltools.arm-none.win32_1.15.0.201708311556/tools/compiler/bin/../lib/gcc/arm-none-eabi/6.3.1/../../../../arm-none-eabi/lib/thumb/v7e-m/fpv4-sp/hard\libc_nano.a(lib_a-findfp.o)
                0x08007090                __sf_fake_stdout
 .rodata.__mprec_bigtens
                0x080070b0       0x28 c:/ac6/systemworkbench/plugins/fr.ac6.mcu.externaltools.arm-none.win32_1.15.0.201708311556/tools/compiler/bin/../lib/gcc/arm-none-eabi/6.3.1/../../../../arm-none-eabi/lib/thumb/v7e-m/fpv4-sp/hard\libc_nano.a(lib_a-mprec.o)
                0x080070b0                __mprec_bigtens
 .rodata.__mprec_tens
                0x080070d8       0xc8 c:/ac6/systemworkbench/plugins/fr.ac6.mcu.externaltools.arm-none.win32_1.15.0.201708311556/tools/compiler/bin/../lib/gcc/arm-none-eabi/6.3.1/../../../../arm-none-eabi/lib/thumb/v7e-m/fpv4-sp/hard\libc_nano.a(lib_a-mprec.o)
                0x080070d8                __mprec_tens
 .rodata.p05.7170
                0x080071a0        0xc c:/ac6/systemworkbench/plugins/fr.ac6.mcu.externaltools.arm-none.win32_1.15.0.201708311556/tools/compiler/bin/../lib/gcc/arm-none-eabi/6.3.1/../../../../arm-none-eabi/lib/thumb/v7e-m/fpv4-sp/hard\libc_nano.a(lib_a-mprec.o)
 .rodata._vfprintf_r.str1.1
                0x080071ac       0x11 c:/ac6/systemworkbench/plugins/fr.ac6.mcu.externaltools.arm-none.win32_1.15.0.201708311556/tools/compiler/bin/../lib/gcc/arm-none-eabi/6.3.1/../../../../arm-none-eabi/lib/thumb/v7e-m/fpv4-sp/hard\libc_nano.a(lib_a-nano-vfprintf.o)
 .rodata._setlocale_r.str1.1
                0x080071bd        0x8 c:/ac6/systemworkbench/plugins/fr.ac6.mcu.externaltools.arm-none.win32_1.15.0.201708311556/tools/compiler/bin/../lib/gcc/arm-none-eabi/6.3.1/../../../../arm-none-eabi/lib/thumb/v7e-m/fpv4-sp/hard\libc_nano.a(lib_a-locale.o)
                                  0x9 (size before relaxing)
 .rodata.str1.1
                0x080071c5        0x2 c:/ac6/systemworkbench/plugins/fr.ac6.mcu.externaltools.arm-none.win32_1.15.0.201708311556/tools/compiler/bin/../lib/gcc/arm-none-eabi/6.3.1/../../../../arm-none-eabi/lib/thumb/v7e-m/fpv4-sp/hard\libc_nano.a(lib_a-locale.o)
 .rodata._ctype_
                0x080071c7      0x101 c:/ac6/systemworkbench/plugins/fr.ac6.mcu.externaltools.arm-none.win32_1.15.0.201708311556/tools/compiler/bin/../lib/gcc/arm-none-eabi/6.3.1/../../../../arm-none-eabi/lib/thumb/v7e-m/fpv4-sp/hard\libc_nano.a(lib_a-ctype_.o)
                0x080071c7                _ctype_
                0x080072c8                . = ALIGN (0x4)

.rel.dyn        0x080072c8        0x0
 .rel.iplt      0x080072c8        0x0 c:/ac6/systemworkbench/plugins/fr.ac6.mcu.externaltools.arm-none.win32_1.15.0.201708311556/tools/compiler/bin/../lib/gcc/arm-none-eabi/6.3.1/thumb/v7e-m/fpv4-sp/hard/crtbegin.o

.ARM.extab
 *(.ARM.extab* .gnu.linkonce.armextab.*)

.ARM            0x080072c8        0x0
                0x080072c8                __exidx_start = .
 *(.ARM.exidx*)
                0x080072c8                __exidx_end = .

.preinit_array  0x080072c8        0x0
                0x080072c8                PROVIDE (__preinit_array_start, .)
 *(.preinit_array*)
                0x080072c8                PROVIDE (__preinit_array_end, .)

.init_array     0x080072c8        0x4
                0x080072c8                PROVIDE (__init_array_start, .)
 *(SORT(.init_array.*))
 *(.init_array*)
 .init_array    0x080072c8        0x4 c:/ac6/systemworkbench/plugins/fr.ac6.mcu.externaltools.arm-none.win32_1.15.0.201708311556/tools/compiler/bin/../lib/gcc/arm-none-eabi/6.3.1/thumb/v7e-m/fpv4-sp/hard/crtbegin.o
                0x080072cc                PROVIDE (__init_array_end, .)

.fini_array     0x080072cc        0x4
                [!provide]                PROVIDE (__fini_array_start, .)
 *(SORT(.fini_array.*))
 *(.fini_array*)
 .fini_array    0x080072cc        0x4 c:/ac6/systemworkbench/plugins/fr.ac6.mcu.externaltools.arm-none.win32_1.15.0.201708311556/tools/compiler/bin/../lib/gcc/arm-none-eabi/6.3.1/thumb/v7e-m/fpv4-sp/hard/crtbegin.o
                [!provide]                PROVIDE (__fini_array_end, .)
                0x080072d0                _sidata = LOADADDR (.data)

.data           0x20000000      0x324 load address 0x080072d0
                0x20000000                . = ALIGN (0x4)
                0x20000000                _sdata = .
 *(.data)
 .data          0x20000000        0x1 Core/Src/main.o
                0x20000000                requestState
 *fill*         0x20000001        0x3 
 .data          0x20000004        0x4 Core/Src/system_stm32f3xx.o
                0x20000004                SystemCoreClock
 .data          0x20000008       0x24 Core/Src/tim.o
                0x20000008                DataBufferHandler
 .data          0x2000002c      0x128 Drivers/UserDrivers/Src/usart.o
                0x2000002c                TxbufferHandler
                0x20000050                CurrentBufferType
                0x20000054                dma_uart_tx_buffer
 *(.data*)
 .data._impure_ptr
                0x20000154        0x4 c:/ac6/systemworkbench/plugins/fr.ac6.mcu.externaltools.arm-none.win32_1.15.0.201708311556/tools/compiler/bin/../lib/gcc/arm-none-eabi/6.3.1/../../../../arm-none-eabi/lib/thumb/v7e-m/fpv4-sp/hard\libc_nano.a(lib_a-impure.o)
                0x20000154                _impure_ptr
 .data.impure_data
                0x20000158       0x60 c:/ac6/systemworkbench/plugins/fr.ac6.mcu.externaltools.arm-none.win32_1.15.0.201708311556/tools/compiler/bin/../lib/gcc/arm-none-eabi/6.3.1/../../../../arm-none-eabi/lib/thumb/v7e-m/fpv4-sp/hard\libc_nano.a(lib_a-impure.o)
 .data.__global_locale
                0x200001b8      0x16c c:/ac6/systemworkbench/plugins/fr.ac6.mcu.externaltools.arm-none.win32_1.15.0.201708311556/tools/compiler/bin/../lib/gcc/arm-none-eabi/6.3.1/../../../../arm-none-eabi/lib/thumb/v7e-m/fpv4-sp/hard\libc_nano.a(lib_a-locale.o)
                0x200001b8                __global_locale
                0x20000324                . = ALIGN (0x4)
                0x20000324                _edata = .
                0x080075f4                _siccmram = LOADADDR (.ccmram)

.jcr            0x20000324        0x0 load address 0x080075f4
 .jcr           0x20000324        0x0 c:/ac6/systemworkbench/plugins/fr.ac6.mcu.externaltools.arm-none.win32_1.15.0.201708311556/tools/compiler/bin/../lib/gcc/arm-none-eabi/6.3.1/thumb/v7e-m/fpv4-sp/hard/crtbegin.o

.igot.plt       0x20000324        0x0 load address 0x080075f4
 .igot.plt      0x20000324        0x0 c:/ac6/systemworkbench/plugins/fr.ac6.mcu.externaltools.arm-none.win32_1.15.0.201708311556/tools/compiler/bin/../lib/gcc/arm-none-eabi/6.3.1/thumb/v7e-m/fpv4-sp/hard/crtbegin.o

.ccmram         0x10000000        0x0 load address 0x080075f4
                0x10000000                . = ALIGN (0x4)
                0x10000000                _sccmram = .
 *(.ccmram)
 *(.ccmram*)
                0x10000000                . = ALIGN (0x4)
                0x10000000                _eccmram = .
                0x10000000                . = ALIGN (0x4)

.bss            0x20000324      0xf10
                0x20000324                _sbss = .
                0x20000324                __bss_start__ = _sbss
 *(.bss)
 .bss           0x20000324       0x1c c:/ac6/systemworkbench/plugins/fr.ac6.mcu.externaltools.arm-none.win32_1.15.0.201708311556/tools/compiler/bin/../lib/gcc/arm-none-eabi/6.3.1/thumb/v7e-m/fpv4-sp/hard/crtbegin.o
 .bss           0x20000340       0x18 Core/Src/main.o
 .bss           0x20000358        0x8 Core/Src/syscalls.o
                0x2000035c                __env
 .bss           0x20000360        0x7 Drivers/UserDrivers/Src/usart.o
                0x20000360                rxIdxBuffer
                0x20000364                RxBufferState
                0x20000365                SdInBufferState
                0x20000366                TxBufferState
 *(.bss*)
 *fill*         0x20000367        0x1 
 .bss.__malloc_free_list
                0x20000368        0x4 c:/ac6/systemworkbench/plugins/fr.ac6.mcu.externaltools.arm-none.win32_1.15.0.201708311556/tools/compiler/bin/../lib/gcc/arm-none-eabi/6.3.1/../../../../arm-none-eabi/lib/thumb/v7e-m/fpv4-sp/hard\libc_nano.a(lib_a-nano-mallocr.o)
                0x20000368                __malloc_free_list
 .bss.__malloc_sbrk_start
                0x2000036c        0x4 c:/ac6/systemworkbench/plugins/fr.ac6.mcu.externaltools.arm-none.win32_1.15.0.201708311556/tools/compiler/bin/../lib/gcc/arm-none-eabi/6.3.1/../../../../arm-none-eabi/lib/thumb/v7e-m/fpv4-sp/hard\libc_nano.a(lib_a-nano-mallocr.o)
                0x2000036c                __malloc_sbrk_start
 *(COMMON)
 COMMON         0x20000370      0xc84 Core/Src/tim.o
                0x20000370                hdma_tim2_ch1
                0x200003b4                htim2
                0x200003f4                pulseTimeBuffer
 COMMON         0x20000ff4        0x4 Drivers/STM32F3xx_HAL_Driver/Src/stm32f3xx_hal.o
                0x20000ff4                uwTick
 COMMON         0x20000ff8      0x238 Drivers/UserDrivers/Src/usart.o
                0x20000ff8                hdma_usart2_rx
                0x2000103c                hdma_usart2_tx
                0x20001080                sdin_buffer
                0x20001180                huart2
                0x200011f0                dma_uart_rx_buffer
 COMMON         0x20001230        0x4 c:/ac6/systemworkbench/plugins/fr.ac6.mcu.externaltools.arm-none.win32_1.15.0.201708311556/tools/compiler/bin/../lib/gcc/arm-none-eabi/6.3.1/../../../../arm-none-eabi/lib/thumb/v7e-m/fpv4-sp/hard\libc_nano.a(lib_a-reent.o)
                0x20001230                errno
                0x20001234                . = ALIGN (0x4)
                0x20001234                _ebss = .
                0x20001234                __bss_end__ = _ebss

._user_heap_stack
                0x20001234      0x604
                0x20001238                . = ALIGN (0x8)
 *fill*         0x20001234        0x4 
                0x20001238                PROVIDE (end, .)
                [!provide]                PROVIDE (_end, .)
                0x20001438                . = (. + _Min_Heap_Size)
 *fill*         0x20001238      0x200 
                0x20001838                . = (. + _Min_Stack_Size)
 *fill*         0x20001438      0x400 
                0x20001838                . = ALIGN (0x8)

/DISCARD/
 libc.a(*)
 libm.a(*)
 libgcc.a(*)

.ARM.attributes
                0x00000000       0x30
 *(.ARM.attributes)
 .ARM.attributes
                0x00000000       0x22 c:/ac6/systemworkbench/plugins/fr.ac6.mcu.externaltools.arm-none.win32_1.15.0.201708311556/tools/compiler/bin/../lib/gcc/arm-none-eabi/6.3.1/thumb/v7e-m/fpv4-sp/hard/crti.o
 .ARM.attributes
                0x00000022       0x34 c:/ac6/systemworkbench/plugins/fr.ac6.mcu.externaltools.arm-none.win32_1.15.0.201708311556/tools/compiler/bin/../lib/gcc/arm-none-eabi/6.3.1/thumb/v7e-m/fpv4-sp/hard/crtbegin.o
 .ARM.attributes
                0x00000056       0x39 Core/Src/dma.o
 .ARM.attributes
                0x0000008f       0x39 Core/Src/gpio.o
 .ARM.attributes
                0x000000c8       0x39 Core/Src/main.o
 .ARM.attributes
                0x00000101       0x39 Core/Src/stm32f3xx_hal_msp.o
 .ARM.attributes
                0x0000013a       0x39 Core/Src/stm32f3xx_it.o
 .ARM.attributes
                0x00000173       0x39 Core/Src/syscalls.o
 .ARM.attributes
                0x000001ac       0x39 Core/Src/system_stm32f3xx.o
 .ARM.attributes
                0x000001e5       0x39 Core/Src/tim.o
 .ARM.attributes
                0x0000021e       0x39 Drivers/STM32F3xx_HAL_Driver/Src/stm32f3xx_hal.o
 .ARM.attributes
                0x00000257       0x39 Drivers/STM32F3xx_HAL_Driver/Src/stm32f3xx_hal_cortex.o
 .ARM.attributes
                0x00000290       0x39 Drivers/STM32F3xx_HAL_Driver/Src/stm32f3xx_hal_dma.o
 .ARM.attributes
                0x000002c9       0x39 Drivers/STM32F3xx_HAL_Driver/Src/stm32f3xx_hal_gpio.o
 .ARM.attributes
                0x00000302       0x39 Drivers/STM32F3xx_HAL_Driver/Src/stm32f3xx_hal_rcc.o
 .ARM.attributes
                0x0000033b       0x39 Drivers/STM32F3xx_HAL_Driver/Src/stm32f3xx_hal_tim.o
 .ARM.attributes
                0x00000374       0x39 Drivers/STM32F3xx_HAL_Driver/Src/stm32f3xx_hal_tim_ex.o
 .ARM.attributes
                0x000003ad       0x39 Drivers/STM32F3xx_HAL_Driver/Src/stm32f3xx_hal_uart.o
 .ARM.attributes
                0x000003e6       0x39 Drivers/STM32F3xx_HAL_Driver/Src/stm32f3xx_hal_uart_ex.o
 .ARM.attributes
                0x0000041f       0x39 Drivers/UserDrivers/Src/usart.o
 .ARM.attributes
                0x00000458       0x21 startup/startup_stm32f334x8.o
 .ARM.attributes
                0x00000479       0x34 c:/ac6/systemworkbench/plugins/fr.ac6.mcu.externaltools.arm-none.win32_1.15.0.201708311556/tools/compiler/bin/../lib/gcc/arm-none-eabi/6.3.1/../../../../arm-none-eabi/lib/thumb/v7e-m/fpv4-sp/hard\libc_nano.a(lib_a-errno.o)
 .ARM.attributes
                0x000004ad       0x34 c:/ac6/systemworkbench/plugins/fr.ac6.mcu.externaltools.arm-none.win32_1.15.0.201708311556/tools/compiler/bin/../lib/gcc/arm-none-eabi/6.3.1/../../../../arm-none-eabi/lib/thumb/v7e-m/fpv4-sp/hard\libc_nano.a(lib_a-impure.o)
 .ARM.attributes
                0x000004e1       0x34 c:/ac6/systemworkbench/plugins/fr.ac6.mcu.externaltools.arm-none.win32_1.15.0.201708311556/tools/compiler/bin/../lib/gcc/arm-none-eabi/6.3.1/../../../../arm-none-eabi/lib/thumb/v7e-m/fpv4-sp/hard\libc_nano.a(lib_a-init.o)
 .ARM.attributes
                0x00000515       0x34 c:/ac6/systemworkbench/plugins/fr.ac6.mcu.externaltools.arm-none.win32_1.15.0.201708311556/tools/compiler/bin/../lib/gcc/arm-none-eabi/6.3.1/../../../../arm-none-eabi/lib/thumb/v7e-m/fpv4-sp/hard\libc_nano.a(lib_a-memset.o)
 .ARM.attributes
                0x00000549       0x34 c:/ac6/systemworkbench/plugins/fr.ac6.mcu.externaltools.arm-none.win32_1.15.0.201708311556/tools/compiler/bin/../lib/gcc/arm-none-eabi/6.3.1/../../../../arm-none-eabi/lib/thumb/v7e-m/fpv4-sp/hard\libc_nano.a(lib_a-nano-vfprintf_float.o)
 .ARM.attributes
                0x0000057d       0x34 c:/ac6/systemworkbench/plugins/fr.ac6.mcu.externaltools.arm-none.win32_1.15.0.201708311556/tools/compiler/bin/../lib/gcc/arm-none-eabi/6.3.1/../../../../arm-none-eabi/lib/thumb/v7e-m/fpv4-sp/hard\libc_nano.a(lib_a-nano-vfprintf_i.o)
 .ARM.attributes
                0x000005b1       0x34 c:/ac6/systemworkbench/plugins/fr.ac6.mcu.externaltools.arm-none.win32_1.15.0.201708311556/tools/compiler/bin/../lib/gcc/arm-none-eabi/6.3.1/../../../../arm-none-eabi/lib/thumb/v7e-m/fpv4-sp/hard\libc_nano.a(lib_a-printf.o)
 .ARM.attributes
                0x000005e5       0x1b c:/ac6/systemworkbench/plugins/fr.ac6.mcu.externaltools.arm-none.win32_1.15.0.201708311556/tools/compiler/bin/../lib/gcc/arm-none-eabi/6.3.1/../../../../arm-none-eabi/lib/thumb/v7e-m/fpv4-sp/hard\libc_nano.a(lib_a-strlen.o)
 .ARM.attributes
                0x00000600       0x34 c:/ac6/systemworkbench/plugins/fr.ac6.mcu.externaltools.arm-none.win32_1.15.0.201708311556/tools/compiler/bin/../lib/gcc/arm-none-eabi/6.3.1/../../../../arm-none-eabi/lib/thumb/v7e-m/fpv4-sp/hard\libc_nano.a(lib_a-dtoa.o)
 .ARM.attributes
                0x00000634       0x34 c:/ac6/systemworkbench/plugins/fr.ac6.mcu.externaltools.arm-none.win32_1.15.0.201708311556/tools/compiler/bin/../lib/gcc/arm-none-eabi/6.3.1/../../../../arm-none-eabi/lib/thumb/v7e-m/fpv4-sp/hard\libc_nano.a(lib_a-findfp.o)
 .ARM.attributes
                0x00000668       0x34 c:/ac6/systemworkbench/plugins/fr.ac6.mcu.externaltools.arm-none.win32_1.15.0.201708311556/tools/compiler/bin/../lib/gcc/arm-none-eabi/6.3.1/../../../../arm-none-eabi/lib/thumb/v7e-m/fpv4-sp/hard\libc_nano.a(lib_a-fwalk.o)
 .ARM.attributes
                0x0000069c       0x34 c:/ac6/systemworkbench/plugins/fr.ac6.mcu.externaltools.arm-none.win32_1.15.0.201708311556/tools/compiler/bin/../lib/gcc/arm-none-eabi/6.3.1/../../../../arm-none-eabi/lib/thumb/v7e-m/fpv4-sp/hard\libc_nano.a(lib_a-localeconv.o)
 .ARM.attributes
                0x000006d0       0x34 c:/ac6/systemworkbench/plugins/fr.ac6.mcu.externaltools.arm-none.win32_1.15.0.201708311556/tools/compiler/bin/../lib/gcc/arm-none-eabi/6.3.1/../../../../arm-none-eabi/lib/thumb/v7e-m/fpv4-sp/hard\libc_nano.a(lib_a-malloc.o)
 .ARM.attributes
                0x00000704       0x20 c:/ac6/systemworkbench/plugins/fr.ac6.mcu.externaltools.arm-none.win32_1.15.0.201708311556/tools/compiler/bin/../lib/gcc/arm-none-eabi/6.3.1/../../../../arm-none-eabi/lib/thumb/v7e-m/fpv4-sp/hard\libc_nano.a(lib_a-memchr.o)
 .ARM.attributes
                0x00000724       0x34 c:/ac6/systemworkbench/plugins/fr.ac6.mcu.externaltools.arm-none.win32_1.15.0.201708311556/tools/compiler/bin/../lib/gcc/arm-none-eabi/6.3.1/../../../../arm-none-eabi/lib/thumb/v7e-m/fpv4-sp/hard\libc_nano.a(lib_a-memcpy-stub.o)
 .ARM.attributes
                0x00000758       0x34 c:/ac6/systemworkbench/plugins/fr.ac6.mcu.externaltools.arm-none.win32_1.15.0.201708311556/tools/compiler/bin/../lib/gcc/arm-none-eabi/6.3.1/../../../../arm-none-eabi/lib/thumb/v7e-m/fpv4-sp/hard\libc_nano.a(lib_a-mprec.o)
 .ARM.attributes
                0x0000078c       0x34 c:/ac6/systemworkbench/plugins/fr.ac6.mcu.externaltools.arm-none.win32_1.15.0.201708311556/tools/compiler/bin/../lib/gcc/arm-none-eabi/6.3.1/../../../../arm-none-eabi/lib/thumb/v7e-m/fpv4-sp/hard\libc_nano.a(lib_a-nano-callocr.o)
 .ARM.attributes
                0x000007c0       0x34 c:/ac6/systemworkbench/plugins/fr.ac6.mcu.externaltools.arm-none.win32_1.15.0.201708311556/tools/compiler/bin/../lib/gcc/arm-none-eabi/6.3.1/../../../../arm-none-eabi/lib/thumb/v7e-m/fpv4-sp/hard\libc_nano.a(lib_a-nano-freer.o)
 .ARM.attributes
                0x000007f4       0x34 c:/ac6/systemworkbench/plugins/fr.ac6.mcu.externaltools.arm-none.win32_1.15.0.201708311556/tools/compiler/bin/../lib/gcc/arm-none-eabi/6.3.1/../../../../arm-none-eabi/lib/thumb/v7e-m/fpv4-sp/hard\libc_nano.a(lib_a-nano-mallocr.o)
 .ARM.attributes
                0x00000828       0x34 c:/ac6/systemworkbench/plugins/fr.ac6.mcu.externaltools.arm-none.win32_1.15.0.201708311556/tools/compiler/bin/../lib/gcc/arm-none-eabi/6.3.1/../../../../arm-none-eabi/lib/thumb/v7e-m/fpv4-sp/hard\libc_nano.a(lib_a-nano-vfprintf.o)
 .ARM.attributes
                0x0000085c       0x34 c:/ac6/systemworkbench/plugins/fr.ac6.mcu.externaltools.arm-none.win32_1.15.0.201708311556/tools/compiler/bin/../lib/gcc/arm-none-eabi/6.3.1/../../../../arm-none-eabi/lib/thumb/v7e-m/fpv4-sp/hard\libc_nano.a(lib_a-sbrkr.o)
 .ARM.attributes
                0x00000890       0x34 c:/ac6/systemworkbench/plugins/fr.ac6.mcu.externaltools.arm-none.win32_1.15.0.201708311556/tools/compiler/bin/../lib/gcc/arm-none-eabi/6.3.1/../../../../arm-none-eabi/lib/thumb/v7e-m/fpv4-sp/hard\libc_nano.a(lib_a-stdio.o)
 .ARM.attributes
                0x000008c4       0x34 c:/ac6/systemworkbench/plugins/fr.ac6.mcu.externaltools.arm-none.win32_1.15.0.201708311556/tools/compiler/bin/../lib/gcc/arm-none-eabi/6.3.1/../../../../arm-none-eabi/lib/thumb/v7e-m/fpv4-sp/hard\libc_nano.a(lib_a-wbuf.o)
 .ARM.attributes
                0x000008f8       0x34 c:/ac6/systemworkbench/plugins/fr.ac6.mcu.externaltools.arm-none.win32_1.15.0.201708311556/tools/compiler/bin/../lib/gcc/arm-none-eabi/6.3.1/../../../../arm-none-eabi/lib/thumb/v7e-m/fpv4-sp/hard\libc_nano.a(lib_a-writer.o)
 .ARM.attributes
                0x0000092c       0x34 c:/ac6/systemworkbench/plugins/fr.ac6.mcu.externaltools.arm-none.win32_1.15.0.201708311556/tools/compiler/bin/../lib/gcc/arm-none-eabi/6.3.1/../../../../arm-none-eabi/lib/thumb/v7e-m/fpv4-sp/hard\libc_nano.a(lib_a-wsetup.o)
 .ARM.attributes
                0x00000960       0x34 c:/ac6/systemworkbench/plugins/fr.ac6.mcu.externaltools.arm-none.win32_1.15.0.201708311556/tools/compiler/bin/../lib/gcc/arm-none-eabi/6.3.1/../../../../arm-none-eabi/lib/thumb/v7e-m/fpv4-sp/hard\libc_nano.a(lib_a-closer.o)
 .ARM.attributes
                0x00000994       0x34 c:/ac6/systemworkbench/plugins/fr.ac6.mcu.externaltools.arm-none.win32_1.15.0.201708311556/tools/compiler/bin/../lib/gcc/arm-none-eabi/6.3.1/../../../../arm-none-eabi/lib/thumb/v7e-m/fpv4-sp/hard\libc_nano.a(lib_a-fflush.o)
 .ARM.attributes
                0x000009c8       0x34 c:/ac6/systemworkbench/plugins/fr.ac6.mcu.externaltools.arm-none.win32_1.15.0.201708311556/tools/compiler/bin/../lib/gcc/arm-none-eabi/6.3.1/../../../../arm-none-eabi/lib/thumb/v7e-m/fpv4-sp/hard\libc_nano.a(lib_a-locale.o)
 .ARM.attributes
                0x000009fc       0x34 c:/ac6/systemworkbench/plugins/fr.ac6.mcu.externaltools.arm-none.win32_1.15.0.201708311556/tools/compiler/bin/../lib/gcc/arm-none-eabi/6.3.1/../../../../arm-none-eabi/lib/thumb/v7e-m/fpv4-sp/hard\libc_nano.a(lib_a-lseekr.o)
 .ARM.attributes
                0x00000a30       0x34 c:/ac6/systemworkbench/plugins/fr.ac6.mcu.externaltools.arm-none.win32_1.15.0.201708311556/tools/compiler/bin/../lib/gcc/arm-none-eabi/6.3.1/../../../../arm-none-eabi/lib/thumb/v7e-m/fpv4-sp/hard\libc_nano.a(lib_a-makebuf.o)
 .ARM.attributes
                0x00000a64       0x34 c:/ac6/systemworkbench/plugins/fr.ac6.mcu.externaltools.arm-none.win32_1.15.0.201708311556/tools/compiler/bin/../lib/gcc/arm-none-eabi/6.3.1/../../../../arm-none-eabi/lib/thumb/v7e-m/fpv4-sp/hard\libc_nano.a(lib_a-mbtowc_r.o)
 .ARM.attributes
                0x00000a98       0x34 c:/ac6/systemworkbench/plugins/fr.ac6.mcu.externaltools.arm-none.win32_1.15.0.201708311556/tools/compiler/bin/../lib/gcc/arm-none-eabi/6.3.1/../../../../arm-none-eabi/lib/thumb/v7e-m/fpv4-sp/hard\libc_nano.a(lib_a-mlock.o)
 .ARM.attributes
                0x00000acc       0x34 c:/ac6/systemworkbench/plugins/fr.ac6.mcu.externaltools.arm-none.win32_1.15.0.201708311556/tools/compiler/bin/../lib/gcc/arm-none-eabi/6.3.1/../../../../arm-none-eabi/lib/thumb/v7e-m/fpv4-sp/hard\libc_nano.a(lib_a-readr.o)
 .ARM.attributes
                0x00000b00       0x34 c:/ac6/systemworkbench/plugins/fr.ac6.mcu.externaltools.arm-none.win32_1.15.0.201708311556/tools/compiler/bin/../lib/gcc/arm-none-eabi/6.3.1/../../../../arm-none-eabi/lib/thumb/v7e-m/fpv4-sp/hard\libc_nano.a(lib_a-reent.o)
 .ARM.attributes
                0x00000b34       0x34 c:/ac6/systemworkbench/plugins/fr.ac6.mcu.externaltools.arm-none.win32_1.15.0.201708311556/tools/compiler/bin/../lib/gcc/arm-none-eabi/6.3.1/../../../../arm-none-eabi/lib/thumb/v7e-m/fpv4-sp/hard\libc_nano.a(lib_a-wctomb_r.o)
 .ARM.attributes
                0x00000b68       0x34 c:/ac6/systemworkbench/plugins/fr.ac6.mcu.externaltools.arm-none.win32_1.15.0.201708311556/tools/compiler/bin/../lib/gcc/arm-none-eabi/6.3.1/../../../../arm-none-eabi/lib/thumb/v7e-m/fpv4-sp/hard\libc_nano.a(lib_a-ctype_.o)
 .ARM.attributes
                0x00000b9c       0x34 c:/ac6/systemworkbench/plugins/fr.ac6.mcu.externaltools.arm-none.win32_1.15.0.201708311556/tools/compiler/bin/../lib/gcc/arm-none-eabi/6.3.1/../../../../arm-none-eabi/lib/thumb/v7e-m/fpv4-sp/hard\libc_nano.a(lib_a-fstatr.o)
 .ARM.attributes
                0x00000bd0       0x34 c:/ac6/systemworkbench/plugins/fr.ac6.mcu.externaltools.arm-none.win32_1.15.0.201708311556/tools/compiler/bin/../lib/gcc/arm-none-eabi/6.3.1/../../../../arm-none-eabi/lib/thumb/v7e-m/fpv4-sp/hard\libc_nano.a(lib_a-isattyr.o)
 .ARM.attributes
                0x00000c04       0x22 c:/ac6/systemworkbench/plugins/fr.ac6.mcu.externaltools.arm-none.win32_1.15.0.201708311556/tools/compiler/bin/../lib/gcc/arm-none-eabi/6.3.1/thumb/v7e-m/fpv4-sp/hard\libgcc.a(_arm_addsubdf3.o)
 .ARM.attributes
                0x00000c26       0x22 c:/ac6/systemworkbench/plugins/fr.ac6.mcu.externaltools.arm-none.win32_1.15.0.201708311556/tools/compiler/bin/../lib/gcc/arm-none-eabi/6.3.1/thumb/v7e-m/fpv4-sp/hard\libgcc.a(_arm_muldivdf3.o)
 .ARM.attributes
                0x00000c48       0x22 c:/ac6/systemworkbench/plugins/fr.ac6.mcu.externaltools.arm-none.win32_1.15.0.201708311556/tools/compiler/bin/../lib/gcc/arm-none-eabi/6.3.1/thumb/v7e-m/fpv4-sp/hard\libgcc.a(_arm_cmpdf2.o)
 .ARM.attributes
                0x00000c6a       0x22 c:/ac6/systemworkbench/plugins/fr.ac6.mcu.externaltools.arm-none.win32_1.15.0.201708311556/tools/compiler/bin/../lib/gcc/arm-none-eabi/6.3.1/thumb/v7e-m/fpv4-sp/hard\libgcc.a(_arm_unorddf2.o)
 .ARM.attributes
                0x00000c8c       0x22 c:/ac6/systemworkbench/plugins/fr.ac6.mcu.externaltools.arm-none.win32_1.15.0.201708311556/tools/compiler/bin/../lib/gcc/arm-none-eabi/6.3.1/thumb/v7e-m/fpv4-sp/hard\libgcc.a(_arm_fixdfsi.o)
 .ARM.attributes
                0x00000cae       0x22 c:/ac6/systemworkbench/plugins/fr.ac6.mcu.externaltools.arm-none.win32_1.15.0.201708311556/tools/compiler/bin/../lib/gcc/arm-none-eabi/6.3.1/thumb/v7e-m/fpv4-sp/hard/crtn.o
OUTPUT(USART_idle_dma.elf elf32-littlearm)

.debug_info     0x00000000    0x1e356
 .debug_info    0x00000000      0xc47 Core/Src/dma.o
 .debug_info    0x00000c47      0xceb Core/Src/gpio.o
 .debug_info    0x00001932     0x1e64 Core/Src/main.o
 .debug_info    0x00003796      0xc9c Core/Src/stm32f3xx_hal_msp.o
 .debug_info    0x00004432     0x1248 Core/Src/stm32f3xx_it.o
 .debug_info    0x0000567a     0x1031 Core/Src/syscalls.o
 .debug_info    0x000066ab      0xc34 Core/Src/system_stm32f3xx.o
 .debug_info    0x000072df     0x1b56 Core/Src/tim.o
 .debug_info    0x00008e35      0xf64 Drivers/STM32F3xx_HAL_Driver/Src/stm32f3xx_hal.o
 .debug_info    0x00009d99     0x158b Drivers/STM32F3xx_HAL_Driver/Src/stm32f3xx_hal_cortex.o
 .debug_info    0x0000b324     0x11ab Drivers/STM32F3xx_HAL_Driver/Src/stm32f3xx_hal_dma.o
 .debug_info    0x0000c4cf     0x116a Drivers/STM32F3xx_HAL_Driver/Src/stm32f3xx_hal_gpio.o
 .debug_info    0x0000d639     0x1ecf Drivers/STM32F3xx_HAL_Driver/Src/stm32f3xx_hal_rcc.o
 .debug_info    0x0000f508     0x6674 Drivers/STM32F3xx_HAL_Driver/Src/stm32f3xx_hal_tim.o
 .debug_info    0x00015b7c     0x2bef Drivers/STM32F3xx_HAL_Driver/Src/stm32f3xx_hal_tim_ex.o
 .debug_info    0x0001876b     0x2e34 Drivers/STM32F3xx_HAL_Driver/Src/stm32f3xx_hal_uart.o
 .debug_info    0x0001b59f     0x125c Drivers/STM32F3xx_HAL_Driver/Src/stm32f3xx_hal_uart_ex.o
 .debug_info    0x0001c7fb     0x1ab9 Drivers/UserDrivers/Src/usart.o
 .debug_info    0x0001e2b4       0xa2 startup/startup_stm32f334x8.o

.debug_abbrev   0x00000000     0x371b
 .debug_abbrev  0x00000000      0x230 Core/Src/dma.o
 .debug_abbrev  0x00000230      0x232 Core/Src/gpio.o
 .debug_abbrev  0x00000462      0x3dd Core/Src/main.o
 .debug_abbrev  0x0000083f      0x230 Core/Src/stm32f3xx_hal_msp.o
 .debug_abbrev  0x00000a6f      0x23d Core/Src/stm32f3xx_it.o
 .debug_abbrev  0x00000cac      0x31b Core/Src/syscalls.o
 .debug_abbrev  0x00000fc7      0x205 Core/Src/system_stm32f3xx.o
 .debug_abbrev  0x000011cc      0x2f1 Core/Src/tim.o
 .debug_abbrev  0x000014bd      0x2ee Drivers/STM32F3xx_HAL_Driver/Src/stm32f3xx_hal.o
 .debug_abbrev  0x000017ab      0x3ca Drivers/STM32F3xx_HAL_Driver/Src/stm32f3xx_hal_cortex.o
 .debug_abbrev  0x00001b75      0x30b Drivers/STM32F3xx_HAL_Driver/Src/stm32f3xx_hal_dma.o
 .debug_abbrev  0x00001e80      0x2da Drivers/STM32F3xx_HAL_Driver/Src/stm32f3xx_hal_gpio.o
 .debug_abbrev  0x0000215a      0x3a1 Drivers/STM32F3xx_HAL_Driver/Src/stm32f3xx_hal_rcc.o
 .debug_abbrev  0x000024fb      0x3d1 Drivers/STM32F3xx_HAL_Driver/Src/stm32f3xx_hal_tim.o
 .debug_abbrev  0x000028cc      0x361 Drivers/STM32F3xx_HAL_Driver/Src/stm32f3xx_hal_tim_ex.o
 .debug_abbrev  0x00002c2d      0x3f7 Drivers/STM32F3xx_HAL_Driver/Src/stm32f3xx_hal_uart.o
 .debug_abbrev  0x00003024      0x2c4 Drivers/STM32F3xx_HAL_Driver/Src/stm32f3xx_hal_uart_ex.o
 .debug_abbrev  0x000032e8      0x421 Drivers/UserDrivers/Src/usart.o
 .debug_abbrev  0x00003709       0x12 startup/startup_stm32f334x8.o

.debug_aranges  0x00000000      0xb58
 .debug_aranges
                0x00000000       0x20 Core/Src/dma.o
 .debug_aranges
                0x00000020       0x20 Core/Src/gpio.o
 .debug_aranges
                0x00000040       0x80 Core/Src/main.o
 .debug_aranges
                0x000000c0       0x20 Core/Src/stm32f3xx_hal_msp.o
 .debug_aranges
                0x000000e0       0x48 Core/Src/stm32f3xx_it.o
 .debug_aranges
                0x00000128       0xb0 Core/Src/syscalls.o
 .debug_aranges
                0x000001d8       0x28 Core/Src/system_stm32f3xx.o
 .debug_aranges
                0x00000200       0x40 Core/Src/tim.o
 .debug_aranges
                0x00000240       0xc0 Drivers/STM32F3xx_HAL_Driver/Src/stm32f3xx_hal.o
 .debug_aranges
                0x00000300       0x90 Drivers/STM32F3xx_HAL_Driver/Src/stm32f3xx_hal_cortex.o
 .debug_aranges
                0x00000390       0x78 Drivers/STM32F3xx_HAL_Driver/Src/stm32f3xx_hal_dma.o
 .debug_aranges
                0x00000408       0x58 Drivers/STM32F3xx_HAL_Driver/Src/stm32f3xx_hal_gpio.o
 .debug_aranges
                0x00000460       0x88 Drivers/STM32F3xx_HAL_Driver/Src/stm32f3xx_hal_rcc.o
 .debug_aranges
                0x000004e8      0x290 Drivers/STM32F3xx_HAL_Driver/Src/stm32f3xx_hal_tim.o
 .debug_aranges
                0x00000778      0x140 Drivers/STM32F3xx_HAL_Driver/Src/stm32f3xx_hal_tim_ex.o
 .debug_aranges
                0x000008b8      0x198 Drivers/STM32F3xx_HAL_Driver/Src/stm32f3xx_hal_uart.o
 .debug_aranges
                0x00000a50       0x48 Drivers/STM32F3xx_HAL_Driver/Src/stm32f3xx_hal_uart_ex.o
 .debug_aranges
                0x00000a98       0x98 Drivers/UserDrivers/Src/usart.o
 .debug_aranges
                0x00000b30       0x28 startup/startup_stm32f334x8.o

.debug_ranges   0x00000000     0x2090
 .debug_ranges  0x00000000       0x40 Core/Src/dma.o
 .debug_ranges  0x00000040       0x50 Core/Src/gpio.o
 .debug_ranges  0x00000090       0x90 Core/Src/main.o
 .debug_ranges  0x00000120       0x38 Core/Src/stm32f3xx_hal_msp.o
 .debug_ranges  0x00000158       0x38 Core/Src/stm32f3xx_it.o
 .debug_ranges  0x00000190       0xa0 Core/Src/syscalls.o
 .debug_ranges  0x00000230       0x18 Core/Src/system_stm32f3xx.o
 .debug_ranges  0x00000248       0x98 Core/Src/tim.o
 .debug_ranges  0x000002e0       0xb0 Drivers/STM32F3xx_HAL_Driver/Src/stm32f3xx_hal.o
 .debug_ranges  0x00000390      0x110 Drivers/STM32F3xx_HAL_Driver/Src/stm32f3xx_hal_cortex.o
 .debug_ranges  0x000004a0      0x118 Drivers/STM32F3xx_HAL_Driver/Src/stm32f3xx_hal_dma.o
 .debug_ranges  0x000005b8       0x68 Drivers/STM32F3xx_HAL_Driver/Src/stm32f3xx_hal_gpio.o
 .debug_ranges  0x00000620      0x250 Drivers/STM32F3xx_HAL_Driver/Src/stm32f3xx_hal_rcc.o
 .debug_ranges  0x00000870     0x1090 Drivers/STM32F3xx_HAL_Driver/Src/stm32f3xx_hal_tim.o
 .debug_ranges  0x00001900      0x190 Drivers/STM32F3xx_HAL_Driver/Src/stm32f3xx_hal_tim_ex.o
 .debug_ranges  0x00001a90      0x430 Drivers/STM32F3xx_HAL_Driver/Src/stm32f3xx_hal_uart.o
 .debug_ranges  0x00001ec0       0x38 Drivers/STM32F3xx_HAL_Driver/Src/stm32f3xx_hal_uart_ex.o
 .debug_ranges  0x00001ef8      0x178 Drivers/UserDrivers/Src/usart.o
 .debug_ranges  0x00002070       0x20 startup/startup_stm32f334x8.o

.debug_macro    0x00000000    0x1ef87
 .debug_macro   0x00000000      0x31e Core/Src/dma.o
 .debug_macro   0x0000031e      0x8bc Core/Src/dma.o
 .debug_macro   0x00000bda       0x76 Core/Src/dma.o
 .debug_macro   0x00000c50       0xac Core/Src/dma.o
 .debug_macro   0x00000cfc       0x2f Core/Src/dma.o
 .debug_macro   0x00000d2b       0x28 Core/Src/dma.o
 .debug_macro   0x00000d53       0x22 Core/Src/dma.o
 .debug_macro   0x00000d75       0x87 Core/Src/dma.o
 .debug_macro   0x00000dfc       0x51 Core/Src/dma.o
 .debug_macro   0x00000e4d       0xef Core/Src/dma.o
 .debug_macro   0x00000f3c       0x6a Core/Src/dma.o
 .debug_macro   0x00000fa6      0x1df Core/Src/dma.o
 .debug_macro   0x00001185       0x35 Core/Src/dma.o
 .debug_macro   0x000011ba       0x50 Core/Src/dma.o
 .debug_macro   0x0000120a      0xd40 Core/Src/dma.o
 .debug_macro   0x00001f4a    0x15472 Core/Src/dma.o
 .debug_macro   0x000173bc       0x43 Core/Src/dma.o
 .debug_macro   0x000173ff       0x58 Core/Src/dma.o
 .debug_macro   0x00017457       0x35 Core/Src/dma.o
 .debug_macro   0x0001748c       0x9c Core/Src/dma.o
 .debug_macro   0x00017528       0x16 Core/Src/dma.o
 .debug_macro   0x0001753e       0x97 Core/Src/dma.o
 .debug_macro   0x000175d5      0x330 Core/Src/dma.o
 .debug_macro   0x00017905       0xfd Core/Src/dma.o
 .debug_macro   0x00017a02       0x10 Core/Src/dma.o
 .debug_macro   0x00017a12       0x58 Core/Src/dma.o
 .debug_macro   0x00017a6a       0x1f Core/Src/dma.o
 .debug_macro   0x00017a89       0x43 Core/Src/dma.o
 .debug_macro   0x00017acc       0x20 Core/Src/dma.o
 .debug_macro   0x00017aec      0x187 Core/Src/dma.o
 .debug_macro   0x00017c73       0x10 Core/Src/dma.o
 .debug_macro   0x00017c83       0x1c Core/Src/dma.o
 .debug_macro   0x00017c9f       0x52 Core/Src/dma.o
 .debug_macro   0x00017cf1       0x40 Core/Src/dma.o
 .debug_macro   0x00017d31       0x10 Core/Src/dma.o
 .debug_macro   0x00017d41       0x40 Core/Src/dma.o
 .debug_macro   0x00017d81       0xd7 Core/Src/dma.o
 .debug_macro   0x00017e58       0x16 Core/Src/dma.o
 .debug_macro   0x00017e6e      0x18b Core/Src/dma.o
 .debug_macro   0x00017ff9       0x49 Core/Src/dma.o
 .debug_macro   0x00018042      0x8ff Core/Src/dma.o
 .debug_macro   0x00018941      0x358 Core/Src/dma.o
 .debug_macro   0x00018c99      0x13a Core/Src/dma.o
 .debug_macro   0x00018dd3      0x130 Core/Src/dma.o
 .debug_macro   0x00018f03      0x1bc Core/Src/dma.o
 .debug_macro   0x000190bf       0x34 Core/Src/dma.o
 .debug_macro   0x000190f3       0x3c Core/Src/dma.o
 .debug_macro   0x0001912f       0x57 Core/Src/dma.o
 .debug_macro   0x00019186       0xcb Core/Src/dma.o
 .debug_macro   0x00019251      0x1a0 Core/Src/dma.o
 .debug_macro   0x000193f1      0x202 Core/Src/dma.o
 .debug_macro   0x000195f3       0x5b Core/Src/dma.o
 .debug_macro   0x0001964e       0x90 Core/Src/dma.o
 .debug_macro   0x000196de       0x82 Core/Src/dma.o
 .debug_macro   0x00019760       0xd3 Core/Src/dma.o
 .debug_macro   0x00019833      0x6af Core/Src/dma.o
 .debug_macro   0x00019ee2      0x352 Core/Src/dma.o
 .debug_macro   0x0001a234      0x566 Core/Src/dma.o
 .debug_macro   0x0001a79a       0x31 Core/Src/dma.o
 .debug_macro   0x0001a7cb      0x298 Core/Src/dma.o
 .debug_macro   0x0001aa63      0x31e Core/Src/gpio.o
 .debug_macro   0x0001ad81      0x33e Core/Src/main.o
 .debug_macro   0x0001b0bf       0x10 Core/Src/main.o
 .debug_macro   0x0001b0cf       0x1c Core/Src/main.o
 .debug_macro   0x0001b0eb      0x314 Core/Src/stm32f3xx_hal_msp.o
 .debug_macro   0x0001b3ff      0x331 Core/Src/stm32f3xx_it.o
 .debug_macro   0x0001b730       0x16 Core/Src/stm32f3xx_it.o
 .debug_macro   0x0001b746      0x24d Core/Src/syscalls.o
 .debug_macro   0x0001b993       0x52 Core/Src/syscalls.o
 .debug_macro   0x0001b9e5       0x8d Core/Src/syscalls.o
 .debug_macro   0x0001ba72       0x57 Core/Src/syscalls.o
 .debug_macro   0x0001bac9      0x174 Core/Src/syscalls.o
 .debug_macro   0x0001bc3d       0x10 Core/Src/syscalls.o
 .debug_macro   0x0001bc4d       0x35 Core/Src/syscalls.o
 .debug_macro   0x0001bc82       0x10 Core/Src/syscalls.o
 .debug_macro   0x0001bc92       0x10 Core/Src/syscalls.o
 .debug_macro   0x0001bca2       0x35 Core/Src/syscalls.o
 .debug_macro   0x0001bcd7      0x122 Core/Src/syscalls.o
 .debug_macro   0x0001bdf9       0x16 Core/Src/syscalls.o
 .debug_macro   0x0001be0f      0x51a Core/Src/syscalls.o
 .debug_macro   0x0001c329       0x16 Core/Src/syscalls.o
 .debug_macro   0x0001c33f       0x16 Core/Src/syscalls.o
 .debug_macro   0x0001c355       0x29 Core/Src/syscalls.o
 .debug_macro   0x0001c37e       0x10 Core/Src/syscalls.o
 .debug_macro   0x0001c38e      0x241 Core/Src/syscalls.o
 .debug_macro   0x0001c5cf       0x1c Core/Src/syscalls.o
 .debug_macro   0x0001c5eb       0x10 Core/Src/syscalls.o
 .debug_macro   0x0001c5fb      0x176 Core/Src/syscalls.o
 .debug_macro   0x0001c771      0x159 Core/Src/syscalls.o
 .debug_macro   0x0001c8ca       0x16 Core/Src/syscalls.o
 .debug_macro   0x0001c8e0       0x88 Core/Src/syscalls.o
 .debug_macro   0x0001c968      0x31a Core/Src/system_stm32f3xx.o
 .debug_macro   0x0001cc82      0x34b Core/Src/tim.o
 .debug_macro   0x0001cfcd      0x338 Drivers/STM32F3xx_HAL_Driver/Src/stm32f3xx_hal.o
 .debug_macro   0x0001d305      0x314 Drivers/STM32F3xx_HAL_Driver/Src/stm32f3xx_hal_cortex.o
 .debug_macro   0x0001d619      0x314 Drivers/STM32F3xx_HAL_Driver/Src/stm32f3xx_hal_dma.o
 .debug_macro   0x0001d92d      0x34c Drivers/STM32F3xx_HAL_Driver/Src/stm32f3xx_hal_gpio.o
 .debug_macro   0x0001dc79      0x338 Drivers/STM32F3xx_HAL_Driver/Src/stm32f3xx_hal_rcc.o
 .debug_macro   0x0001dfb1      0x314 Drivers/STM32F3xx_HAL_Driver/Src/stm32f3xx_hal_tim.o
 .debug_macro   0x0001e2c5      0x320 Drivers/STM32F3xx_HAL_Driver/Src/stm32f3xx_hal_tim_ex.o
 .debug_macro   0x0001e5e5      0x31c Drivers/STM32F3xx_HAL_Driver/Src/stm32f3xx_hal_uart.o
 .debug_macro   0x0001e901      0x314 Drivers/STM32F3xx_HAL_Driver/Src/stm32f3xx_hal_uart_ex.o
 .debug_macro   0x0001ec15      0x35c Drivers/UserDrivers/Src/usart.o
 .debug_macro   0x0001ef71       0x16 Drivers/UserDrivers/Src/usart.o

.debug_line     0x00000000     0xfff5
 .debug_line    0x00000000      0x83c Core/Src/dma.o
 .debug_line    0x0000083c      0x881 Core/Src/gpio.o
 .debug_line    0x000010bd      0xa6b Core/Src/main.o
 .debug_line    0x00001b28      0x840 Core/Src/stm32f3xx_hal_msp.o
 .debug_line    0x00002368      0x913 Core/Src/stm32f3xx_it.o
 .debug_line    0x00002c7b      0x5c6 Core/Src/syscalls.o
 .debug_line    0x00003241      0x87a Core/Src/system_stm32f3xx.o
 .debug_line    0x00003abb      0x9f6 Core/Src/tim.o
 .debug_line    0x000044b1      0x9c0 Drivers/STM32F3xx_HAL_Driver/Src/stm32f3xx_hal.o
 .debug_line    0x00004e71      0xa52 Drivers/STM32F3xx_HAL_Driver/Src/stm32f3xx_hal_cortex.o
 .debug_line    0x000058c3      0xc4d Drivers/STM32F3xx_HAL_Driver/Src/stm32f3xx_hal_dma.o
 .debug_line    0x00006510      0xaf2 Drivers/STM32F3xx_HAL_Driver/Src/stm32f3xx_hal_gpio.o
 .debug_line    0x00007002      0xf31 Drivers/STM32F3xx_HAL_Driver/Src/stm32f3xx_hal_rcc.o
 .debug_line    0x00007f33     0x3b55 Drivers/STM32F3xx_HAL_Driver/Src/stm32f3xx_hal_tim.o
 .debug_line    0x0000ba88     0x17fa Drivers/STM32F3xx_HAL_Driver/Src/stm32f3xx_hal_tim_ex.o
 .debug_line    0x0000d282     0x17ab Drivers/STM32F3xx_HAL_Driver/Src/stm32f3xx_hal_uart.o
 .debug_line    0x0000ea2d      0x9c8 Drivers/STM32F3xx_HAL_Driver/Src/stm32f3xx_hal_uart_ex.o
 .debug_line    0x0000f3f5      0xb81 Drivers/UserDrivers/Src/usart.o
 .debug_line    0x0000ff76       0x7f startup/startup_stm32f334x8.o

.debug_str      0x00000000    0xa5aab
 .debug_str     0x00000000    0x9ff9b Core/Src/dma.o
                              0xa02c5 (size before relaxing)
 .debug_str     0x0009ff9b       0xd9 Core/Src/gpio.o
                              0xa0001 (size before relaxing)
 .debug_str     0x000a0074      0xd6d Core/Src/main.o
                              0xa107f (size before relaxing)
 .debug_str     0x000a0de1       0x49 Core/Src/stm32f3xx_hal_msp.o
                              0xa02d4 (size before relaxing)
 .debug_str     0x000a0e2a      0x140 Core/Src/stm32f3xx_it.o
                              0xa06b1 (size before relaxing)
 .debug_str     0x000a0f6a     0x217c Core/Src/syscalls.o
                               0x8d5a (size before relaxing)
 .debug_str     0x000a30e6       0xd1 Core/Src/system_stm32f3xx.o
                              0x9ffe4 (size before relaxing)
 .debug_str     0x000a31b7      0x283 Core/Src/tim.o
                              0xa0e6b (size before relaxing)
 .debug_str     0x000a343a      0x370 Drivers/STM32F3xx_HAL_Driver/Src/stm32f3xx_hal.o
                              0xa0699 (size before relaxing)
 .debug_str     0x000a37aa      0x20a Drivers/STM32F3xx_HAL_Driver/Src/stm32f3xx_hal_cortex.o
                              0xa066f (size before relaxing)
 .debug_str     0x000a39b4      0x20e Drivers/STM32F3xx_HAL_Driver/Src/stm32f3xx_hal_dma.o
                              0xa0364 (size before relaxing)
 .debug_str     0x000a3bc2      0x235 Drivers/STM32F3xx_HAL_Driver/Src/stm32f3xx_hal_gpio.o
                              0xa02bc (size before relaxing)
 .debug_str     0x000a3df7      0x2c3 Drivers/STM32F3xx_HAL_Driver/Src/stm32f3xx_hal_rcc.o
                              0xa0454 (size before relaxing)
 .debug_str     0x000a40ba      0xbd3 Drivers/STM32F3xx_HAL_Driver/Src/stm32f3xx_hal_tim.o
                              0xa10f9 (size before relaxing)
 .debug_str     0x000a4c8d      0x549 Drivers/STM32F3xx_HAL_Driver/Src/stm32f3xx_hal_tim_ex.o
                              0xa0b5f (size before relaxing)
 .debug_str     0x000a51d6      0x71e Drivers/STM32F3xx_HAL_Driver/Src/stm32f3xx_hal_uart.o
                              0xa0bea (size before relaxing)
 .debug_str     0x000a58f4       0xed Drivers/STM32F3xx_HAL_Driver/Src/stm32f3xx_hal_uart_ex.o
                              0xa0575 (size before relaxing)
 .debug_str     0x000a59e1       0xca Drivers/UserDrivers/Src/usart.o
                              0xa0bf8 (size before relaxing)

.comment        0x00000000       0x7f
 .comment       0x00000000       0x7f Core/Src/dma.o
                                 0x80 (size before relaxing)
 .comment       0x0000007f       0x80 Core/Src/gpio.o
 .comment       0x0000007f       0x80 Core/Src/main.o
 .comment       0x0000007f       0x80 Core/Src/stm32f3xx_hal_msp.o